Archive member included to satisfy reference by file (symbol)

/home/ek-181/prosoft6/bin/stm32f0discovery/core.a(sched.o)
                              /home/ek-181/prosoft6/bin/stm32f0discovery/newlib_syscalls_default/syscalls.o (sched_active_pid)
/home/ek-181/prosoft6/bin/stm32f0discovery/core.a(bitarithm.o)
                              /home/ek-181/prosoft6/bin/stm32f0discovery/core.a(sched.o) (MultiplyDeBruijnBitPosition)
/home/ek-181/prosoft6/bin/stm32f0discovery/cortexm_common.a(thread_arch.o)
                              /home/ek-181/prosoft6/bin/stm32f0discovery/core.a(sched.o) (cpu_switch_context_exit)
/home/ek-181/prosoft6/bin/stm32f0discovery/cortexm_common.a(vectors_cortexm.o)
                              /home/ek-181/prosoft6/bin/stm32f0discovery/cpu/vectors.o (dummy_handler_default)
/home/ek-181/prosoft6/bin/stm32f0discovery/cortexm_common.a(irq_arch.o)
                              /home/ek-181/prosoft6/bin/stm32f0discovery/newlib_syscalls_default/syscalls.o (irq_disable)
/home/ek-181/prosoft6/bin/stm32f0discovery/div.a(div.o)
                              /home/ek-181/prosoft6/bin/stm32f0discovery/newlib_syscalls_default/syscalls.o (_div_mulhi64)
/home/ek-181/prosoft6/bin/stm32f0discovery/stdio_uart.a(stdio_uart.o)
                              /home/ek-181/prosoft6/bin/stm32f0discovery/newlib_syscalls_default/syscalls.o (stdio_init)
/home/ek-181/prosoft6/bin/stm32f0discovery/stm32_common_periph.a(uart.o)
                              /home/ek-181/prosoft6/bin/stm32f0discovery/stdio_uart.a(stdio_uart.o) (uart_write)
/home/ek-181/prosoft6/bin/stm32f0discovery/stm32_common_periph.a(gpio.o)
                              /home/ek-181/prosoft6/bin/stm32f0discovery/stm32_common_periph.a(uart.o) (gpio_init)
/home/ek-181/prosoft6/bin/stm32f0discovery/xtimer.a(xtimer_core.o)
                              /home/ek-181/prosoft6/bin/stm32f0discovery/newlib_syscalls_default/syscalls.o (_xtimer_now64)
/home/ek-181/prosoft6/bin/stm32f0discovery/periph_common.a(pm.o)
                              /home/ek-181/prosoft6/bin/stm32f0discovery/newlib_syscalls_default/syscalls.o (pm_off)
/home/ek-181/prosoft6/bin/stm32f0discovery/board.a(board.o)
                              /home/ek-181/prosoft6/bin/stm32f0discovery/cortexm_common.a(vectors_cortexm.o) (board_init)
/home/ek-181/prosoft6/bin/stm32f0discovery/core.a(panic.o)
                              /home/ek-181/prosoft6/bin/stm32f0discovery/cortexm_common.a(vectors_cortexm.o) (core_panic)
/home/ek-181/prosoft6/bin/stm32f0discovery/core.a(kernel_init.o)
                              /home/ek-181/prosoft6/bin/stm32f0discovery/cortexm_common.a(vectors_cortexm.o) (kernel_init)
/home/ek-181/prosoft6/bin/stm32f0discovery/core.a(thread.o)
                              /home/ek-181/prosoft6/bin/stm32f0discovery/core.a(kernel_init.o) (thread_create)
/home/ek-181/prosoft6/bin/stm32f0discovery/cortexm_common_periph.a(pm.o)
                              /home/ek-181/prosoft6/bin/stm32f0discovery/core.a(kernel_init.o) (pm_set_lowest)
/home/ek-181/prosoft6/bin/stm32f0discovery/isrpipe.a(isrpipe.o)
                              /home/ek-181/prosoft6/bin/stm32f0discovery/stdio_uart.a(stdio_uart.o) (isrpipe_write_one)
/home/ek-181/prosoft6/bin/stm32f0discovery/stm32_common.a(cpu_init.o)
                              /home/ek-181/prosoft6/bin/stm32f0discovery/board.a(board.o) (cpu_init)
/home/ek-181/prosoft6/bin/stm32f0discovery/stm32_common.a(cpu_common.o)
                              /home/ek-181/prosoft6/bin/stm32f0discovery/stm32_common_periph.a(uart.o) (periph_apb_clk)
/home/ek-181/prosoft6/bin/stm32f0discovery/stm32_common.a(stmclk.o)
                              /home/ek-181/prosoft6/bin/stm32f0discovery/stm32_common.a(cpu_init.o) (stmclk_init_sysclk)
/home/ek-181/prosoft6/bin/stm32f0discovery/stm32_common.a(stmclk_common.o)
                              /home/ek-181/prosoft6/bin/stm32f0discovery/stm32_common.a(stmclk.o) (stmclk_enable_hsi)
/home/ek-181/prosoft6/bin/stm32f0discovery/stm32_common_periph.a(timer.o)
                              /home/ek-181/prosoft6/bin/stm32f0discovery/xtimer.a(xtimer_core.o) (timer_set_absolute)
/home/ek-181/prosoft6/bin/stm32f0discovery/tsrb.a(tsrb.o)
                              /home/ek-181/prosoft6/bin/stm32f0discovery/isrpipe.a(isrpipe.o) (tsrb_get)
/home/ek-181/prosoft6/bin/stm32f0discovery/periph_common.a(init.o)
                              /home/ek-181/prosoft6/bin/stm32f0discovery/stm32_common.a(cpu_init.o) (periph_init)
/home/ek-181/prosoft6/bin/stm32f0discovery/application_prosoft6.a(main.o)
                              /home/ek-181/prosoft6/bin/stm32f0discovery/core.a(kernel_init.o) (main)
/home/ek-181/prosoft6/bin/stm32f0discovery/auto_init.a(auto_init.o)
                              /home/ek-181/prosoft6/bin/stm32f0discovery/core.a(kernel_init.o) (auto_init)
/home/ek-181/prosoft6/bin/stm32f0discovery/core.a(mutex.o)
[...]
Memory Configuration

Name             Origin             Length             Attributes
ccmram           0x0000000010000000 0x0000000000000000
rom              0x0000000008000000 0x0000000000010000 xr
ram              0x0000000020000000 0x0000000000002000 w !xr
*default*        0x0000000000000000 0xffffffffffffffff

Linker script and memory map

LOAD /home/ek-181/prosoft6/bin/stm32f0discovery/cpu/vectors.o
LOAD /home/ek-181/prosoft6/bin/stm32f0discovery/newlib_syscalls_default/syscalls.o
START GROUP
LOAD /home/ek-181/prosoft6/bin/stm32f0discovery/application_prosoft6.a
LOAD /home/ek-181/prosoft6/bin/stm32f0discovery/auto_init.a
LOAD /home/ek-181/prosoft6/bin/stm32f0discovery/board.a
LOAD /home/ek-181/prosoft6/bin/stm32f0discovery/core.a
LOAD /home/ek-181/prosoft6/bin/stm32f0discovery/cortexm_common.a
LOAD /home/ek-181/prosoft6/bin/stm32f0discovery/cortexm_common_periph.a
LOAD /home/ek-181/prosoft6/bin/stm32f0discovery/cpu.a
LOAD /home/ek-181/prosoft6/bin/stm32f0discovery/div.a
LOAD /home/ek-181/prosoft6/bin/stm32f0discovery/isrpipe.a
LOAD /home/ek-181/prosoft6/bin/stm32f0discovery/newlib_syscalls_default.a
LOAD /home/ek-181/prosoft6/bin/stm32f0discovery/periph.a
LOAD /home/ek-181/prosoft6/bin/stm32f0discovery/stdio_uart.a
LOAD /home/ek-181/prosoft6/bin/stm32f0discovery/stm32_common.a
LOAD /home/ek-181/prosoft6/bin/stm32f0discovery/stm32_common_periph.a
LOAD /home/ek-181/prosoft6/bin/stm32f0discovery/sys.a
LOAD /home/ek-181/prosoft6/bin/stm32f0discovery/tsrb.a
LOAD /home/ek-181/prosoft6/bin/stm32f0discovery/xtimer.a
LOAD /home/ek-181/prosoft6/bin/stm32f0discovery/periph_common.a
LOAD /usr/bin/../lib/gcc/arm-none-eabi/7.3.1/../../../../arm-none-eabi/lib/thumb/v6-m/libm.a
END GROUP
LOAD /usr/bin/../lib/gcc/arm-none-eabi/7.3.1/thumb/v6-m/libgcc.a
                0x0000000008000000                _rom_start_addr = 0x8000000
                0x0000000020000000                _ram_start_addr = 0x20000000
                0x0000000000010000                _rom_length = 0x10000
                0x0000000000002000                _ram_length = 0x2000
LOAD /usr/bin/../lib/gcc/arm-none-eabi/7.3.1/../../../../arm-none-eabi/lib/thumb/v6-m/libc_nano.a
START GROUP
LOAD /usr/bin/../lib/gcc/arm-none-eabi/7.3.1/thumb/v6-m/libgcc.a
LOAD /usr/bin/../lib/gcc/arm-none-eabi/7.3.1/../../../../arm-none-eabi/lib/thumb/v6-m/libg_nano.a
LOAD /usr/bin/../lib/gcc/arm-none-eabi/7.3.1/../../../../arm-none-eabi/lib/thumb/v6-m/libc_nano.a
END GROUP
START GROUP
LOAD /usr/bin/../lib/gcc/arm-none-eabi/7.3.1/thumb/v6-m/libgcc.a
LOAD /usr/bin/../lib/gcc/arm-none-eabi/7.3.1/../../../../arm-none-eabi/lib/thumb/v6-m/libc_nano.a
END GROUP
                0x0000000000000000                ccmram_length = DEFINED (ccmram_len)?ccmram_len:0x0
                0x0000000000000000                _rom_offset = DEFINED (_rom_offset)?_rom_offset:0x0
                0x0000000000010000                _fw_rom_length = DEFINED (_fw_rom_length)?_fw_rom_length:(_rom_length - _rom_offset)
                0x0000000000000001                ASSERT ((_fw_rom_length <= (_rom_length - _rom_offset)), Specified firmware size does not fit in ROM)

.text           0x0000000008000000     0x24d4
                0x0000000008000000                . = ALIGN (0x4)
                0x0000000008000000                _sfixed = .
                0x0000000008000000                _isr_vectors = DEFINED (_isr_vectors)?_isr_vectors:.
 *(SORT_BY_NAME(.vectors*))
 .vectors.0     0x0000000008000000       0x40 /home/ek-181/prosoft6/bin/stm32f0discovery/cortexm_common.a(vectors_cortexm.o)
                0x0000000008000000                cortex_vector_base
 .vectors.1     0x0000000008000040       0x7c /home/ek-181/prosoft6/bin/stm32f0discovery/cpu/vectors.o
                0x0000000008000040                vector_cpu
 *(.text .text.* .gnu.linkonce.t.*)
 .text.dummy_handler
                0x00000000080000bc        0x8 /home/ek-181/prosoft6/bin/stm32f0discovery/cpu/vectors.o
                0x00000000080000bc                isr_pvd
                0x00000000080000bc                isr_i2c1
                0x00000000080000bc                isr_tim16
                0x00000000080000bc                isr_exti
                0x00000000080000bc                isr_tsc
                0x00000000080000bc                isr_cec_can
                0x00000000080000bc                isr_tim7
                0x00000000080000bc                isr_dma1_channel4_5
                0x00000000080000bc                isr_tim1_brk_up_trg_com
                0x00000000080000bc                isr_dma1_channel4_5_6_7
                0x00000000080000bc                isr_i2c2
                0x00000000080000bc                isr_dma1_channel2_3
                0x00000000080000bc                isr_spi2
                0x00000000080000bc                isr_dma1_channel1
                0x00000000080000bc                dummy_handler
                0x00000000080000bc                isr_dma1_ch1
                0x00000000080000bc                isr_spi1
                0x00000000080000bc                isr_tim6
                0x00000000080000bc                isr_rcc
                0x00000000080000bc                isr_flash
                0x00000000080000bc                isr_rtc
                0x00000000080000bc                isr_tim1_cc
                0x00000000080000bc                isr_tim14
                0x00000000080000bc                isr_usb
                0x00000000080000bc                isr_adc1_comp
                0x00000000080000bc                isr_usart3_4
                0x00000000080000bc                isr_tim17
                0x00000000080000bc                isr_adc1
                0x00000000080000bc                isr_tim6_dac
                0x00000000080000bc                isr_dma1_ch4_7_dma2_ch3_5
                0x00000000080000bc                isr_pvd_vddio2
                0x00000000080000bc                isr_tim3
                0x00000000080000bc                isr_tim15
                0x00000000080000bc                isr_rcc_crs
                0x00000000080000bc                isr_usart3_8
                0x00000000080000bc                isr_dma1_ch2_3_dma2_ch1_2
                0x00000000080000bc                isr_wwdg
 .text._init    0x00000000080000c4        0x8 /home/ek-181/prosoft6/bin/stm32f0discovery/newlib_syscalls_default/syscalls.o
                0x00000000080000c4                _init
 .text._fini    0x00000000080000cc        0x2 /home/ek-181/prosoft6/bin/stm32f0discovery/newlib_syscalls_default/syscalls.o
                0x00000000080000cc                _fini
 *fill*         0x00000000080000ce        0x2 
 .text._sbrk_r  0x00000000080000d0       0x3c /home/ek-181/prosoft6/bin/stm32f0discovery/newlib_syscalls_default/syscalls.o
                0x00000000080000d0                _sbrk_r
 .text._read_r  0x000000000800010c        0xc /home/ek-181/prosoft6/bin/stm32f0discovery/newlib_syscalls_default/syscalls.o
                0x000000000800010c                _read_r
 .text._write_r
                0x0000000008000118        0xc /home/ek-181/prosoft6/bin/stm32f0discovery/newlib_syscalls_default/syscalls.o
                0x0000000008000118                _write_r
 .text._close_r
                0x0000000008000124        0xa /home/ek-181/prosoft6/bin/stm32f0discovery/newlib_syscalls_default/syscalls.o
                0x0000000008000124                _close_r
 .text._lseek_r
                0x000000000800012e        0xa /home/ek-181/prosoft6/bin/stm32f0discovery/newlib_syscalls_default/syscalls.o
                0x000000000800012e                _lseek_r
 .text._fstat_r
                0x0000000008000138        0xa /home/ek-181/prosoft6/bin/stm32f0discovery/newlib_syscalls_default/syscalls.o
                0x0000000008000138                _fstat_r
 .text._isatty_r
                0x0000000008000142        0xe /home/ek-181/prosoft6/bin/stm32f0discovery/newlib_syscalls_default/syscalls.o
                0x0000000008000142                _isatty_r
 .text.sched_run
                0x0000000008000150       0x68 /home/ek-181/prosoft6/bin/stm32f0discovery/core.a(sched.o)
                0x0000000008000150                sched_run
 .text.sched_set_status
                0x00000000080001b8       0x7c /home/ek-181/prosoft6/bin/stm32f0discovery/core.a(sched.o)
                0x00000000080001b8                sched_set_status
 .text.sched_switch
                0x0000000008000234       0x30 /home/ek-181/prosoft6/bin/stm32f0discovery/core.a(sched.o)
                0x0000000008000234                sched_switch
 .text.sched_task_exit
                0x0000000008000264       0x3c /home/ek-181/prosoft6/bin/stm32f0discovery/core.a(sched.o)
                0x0000000008000264                sched_task_exit
 .text.thread_stack_init
                0x00000000080002a0       0x90 /home/ek-181/prosoft6/bin/stm32f0discovery/cortexm_common.a(thread_arch.o)
                0x00000000080002a0                thread_stack_init
 .text.cpu_switch_context_exit
                0x0000000008000330        0x8 /home/ek-181/prosoft6/bin/stm32f0discovery/cortexm_common.a(thread_arch.o)
                0x0000000008000330                cpu_switch_context_exit
 .text.thread_yield_higher
                0x0000000008000338       0x14 /home/ek-181/prosoft6/bin/stm32f0discovery/cortexm_common.a(thread_arch.o)
                0x0000000008000338                thread_yield_higher
 .text.isr_pendsv
                0x000000000800034c       0x28 /home/ek-181/prosoft6/bin/stm32f0discovery/cortexm_common.a(thread_arch.o)
                0x000000000800034c                isr_pendsv
 .text.isr_svc  0x0000000008000374       0x2c /home/ek-181/prosoft6/bin/stm32f0discovery/cortexm_common.a(thread_arch.o)
                0x0000000008000374                isr_svc
 .text.hard_fault_default
                0x00000000080003a0       0x4c /home/ek-181/prosoft6/bin/stm32f0discovery/cortexm_common.a(vectors_cortexm.o)
                0x00000000080003a0                hard_fault_default
 .text.nmi_default
                0x00000000080003ec       0x10 /home/ek-181/prosoft6/bin/stm32f0discovery/cortexm_common.a(vectors_cortexm.o)
                0x00000000080003ec                nmi_default
 .text.dummy_handler_default
                0x00000000080003fc       0x10 /home/ek-181/prosoft6/bin/stm32f0discovery/cortexm_common.a(vectors_cortexm.o)
                0x00000000080003fc                dummy_handler_default
                0x00000000080003fc                isr_systick
 .text.pre_startup
                0x000000000800040c        0x2 /home/ek-181/prosoft6/bin/stm32f0discovery/cortexm_common.a(vectors_cortexm.o)
                0x000000000800040c                pre_startup
 .text.post_startup
                0x000000000800040e        0x2 /home/ek-181/prosoft6/bin/stm32f0discovery/cortexm_common.a(vectors_cortexm.o)
                0x000000000800040e                post_startup
 .text.reset_handler_default
                0x0000000008000410       0x68 /home/ek-181/prosoft6/bin/stm32f0discovery/cortexm_common.a(vectors_cortexm.o)
                0x0000000008000410                reset_handler_default
 .text.hard_fault_handler
                0x0000000008000478      0x118 /home/ek-181/prosoft6/bin/stm32f0discovery/cortexm_common.a(vectors_cortexm.o)
                0x0000000008000478                hard_fault_handler
 .text.irq_disable
                0x0000000008000590        0x8 /home/ek-181/prosoft6/bin/stm32f0discovery/cortexm_common.a(irq_arch.o)
                0x0000000008000590                irq_disable
 .text.irq_enable
                0x0000000008000598        0x8 /home/ek-181/prosoft6/bin/stm32f0discovery/cortexm_common.a(irq_arch.o)
                0x0000000008000598                irq_enable
 .text.irq_restore
                0x00000000080005a0        0x6 /home/ek-181/prosoft6/bin/stm32f0discovery/cortexm_common.a(irq_arch.o)
                0x00000000080005a0                irq_restore
 .text.irq_is_in
                0x00000000080005a6        0x8 /home/ek-181/prosoft6/bin/stm32f0discovery/cortexm_common.a(irq_arch.o)
                0x00000000080005a6                irq_is_in
 *fill*         0x00000000080005ae        0x2 
 .text.stdio_init
                0x00000000080005b0       0x1c /home/ek-181/prosoft6/bin/stm32f0discovery/stdio_uart.a(stdio_uart.o)
                0x00000000080005b0                stdio_init
 .text.stdio_read
                0x00000000080005cc       0x14 /home/ek-181/prosoft6/bin/stm32f0discovery/stdio_uart.a(stdio_uart.o)
                0x00000000080005cc                stdio_read
 .text.stdio_write
                0x00000000080005e0       0x12 /home/ek-181/prosoft6/bin/stm32f0discovery/stdio_uart.a(stdio_uart.o)
                0x00000000080005e0                stdio_write
 *fill*         0x00000000080005f2        0x2 
 .text.irq_handler
                0x00000000080005f4       0x48 /home/ek-181/prosoft6/bin/stm32f0discovery/stm32_common_periph.a(uart.o)
 .text.uart_write
                0x000000000800063c       0x40 /home/ek-181/prosoft6/bin/stm32f0discovery/stm32_common_periph.a(uart.o)
                0x000000000800063c                uart_write
 .text.uart_poweron
                0x000000000800067c       0x28 /home/ek-181/prosoft6/bin/stm32f0discovery/stm32_common_periph.a(uart.o)
                0x000000000800067c                uart_poweron
 .text.uart_init
                0x00000000080006a4       0xb8 /home/ek-181/prosoft6/bin/stm32f0discovery/stm32_common_periph.a(uart.o)
                0x00000000080006a4                uart_init
 .text.isr_usart1
                0x000000000800075c        0xa /home/ek-181/prosoft6/bin/stm32f0discovery/stm32_common_periph.a(uart.o)
                0x000000000800075c                isr_usart1
 .text.isr_usart2
                0x0000000008000766        0xa /home/ek-181/prosoft6/bin/stm32f0discovery/stm32_common_periph.a(uart.o)
                0x0000000008000766                isr_usart2
 .text.gpio_init
                0x0000000008000770       0x74 /home/ek-181/prosoft6/bin/stm32f0discovery/stm32_common_periph.a(gpio.o)
                0x0000000008000770                gpio_init
 .text.gpio_init_af
                0x00000000080007e4       0x42 /home/ek-181/prosoft6/bin/stm32f0discovery/stm32_common_periph.a(gpio.o)
                0x00000000080007e4                gpio_init_af
 .text.gpio_read
                0x0000000008000826       0x14 /home/ek-181/prosoft6/bin/stm32f0discovery/stm32_common_periph.a(gpio.o)
                0x0000000008000826                gpio_read
 .text.gpio_set
                0x000000000800083a       0x10 /home/ek-181/prosoft6/bin/stm32f0discovery/stm32_common_periph.a(gpio.o)
                0x000000000800083a                gpio_set
 .text.gpio_clear
                0x000000000800084a       0x12 /home/ek-181/prosoft6/bin/stm32f0discovery/stm32_common_periph.a(gpio.o)
                0x000000000800084a                gpio_clear
 .text.gpio_toggle
                0x000000000800085c       0x1c /home/ek-181/prosoft6/bin/stm32f0discovery/stm32_common_periph.a(gpio.o)
                0x000000000800085c                gpio_toggle
 .text._xtimer_lltimer_now
                0x0000000008000878        0xa /home/ek-181/prosoft6/bin/stm32f0discovery/xtimer.a(xtimer_core.o)
 *fill*         0x0000000008000882        0x2 
 .text._lltimer_set
                0x0000000008000884       0x18 /home/ek-181/prosoft6/bin/stm32f0discovery/xtimer.a(xtimer_core.o)
 .text._add_timer_to_long_list.constprop.4
                0x000000000800089c       0x2c /home/ek-181/prosoft6/bin/stm32f0discovery/xtimer.a(xtimer_core.o)
 .text._next_period
                0x00000000080008c8       0x9c /home/ek-181/prosoft6/bin/stm32f0discovery/xtimer.a(xtimer_core.o)
 .text._periph_timer_callback
                0x0000000008000964       0xbc /home/ek-181/prosoft6/bin/stm32f0discovery/xtimer.a(xtimer_core.o)
 .text._remove  0x0000000008000a20       0x70 /home/ek-181/prosoft6/bin/stm32f0discovery/xtimer.a(xtimer_core.o)
 .text.xtimer_init
                0x0000000008000a90       0x20 /home/ek-181/prosoft6/bin/stm32f0discovery/xtimer.a(xtimer_core.o)
                0x0000000008000a90                xtimer_init
 .text._xtimer_set_absolute
                0x0000000008000ab0       0xcc /home/ek-181/prosoft6/bin/stm32f0discovery/xtimer.a(xtimer_core.o)
                0x0000000008000ab0                _xtimer_set_absolute
 .text.pm_off   0x0000000008000b7c        0x8 /home/ek-181/prosoft6/bin/stm32f0discovery/periph_common.a(pm.o)
                0x0000000008000b7c                pm_off
 .text.board_init
                0x0000000008000b84       0x20 /home/ek-181/prosoft6/bin/stm32f0discovery/board.a(board.o)
                0x0000000008000b84                board_init
 .text.panic_arch
                0x0000000008000ba4        0x2 /home/ek-181/prosoft6/bin/stm32f0discovery/core.a(panic.o)
                0x0000000008000ba4                panic_arch
 *fill*         0x0000000008000ba6        0x2 
 .text.core_panic
                0x0000000008000ba8       0x48 /home/ek-181/prosoft6/bin/stm32f0discovery/core.a(panic.o)
                0x0000000008000ba8                core_panic
 .text.main_trampoline
                0x0000000008000bf0       0x18 /home/ek-181/prosoft6/bin/stm32f0discovery/core.a(kernel_init.o)
 .text.idle_thread
                0x0000000008000c08        0x8 /home/ek-181/prosoft6/bin/stm32f0discovery/core.a(kernel_init.o)
 .text.kernel_init
                0x0000000008000c10       0x58 /home/ek-181/prosoft6/bin/stm32f0discovery/core.a(kernel_init.o)
                0x0000000008000c10                kernel_init
 .text.thread_add_to_list
                0x0000000008000c68       0x34 /home/ek-181/prosoft6/bin/stm32f0discovery/core.a(thread.o)
                0x0000000008000c68                thread_add_to_list
 .text.thread_create
                0x0000000008000c9c       0xe8 /home/ek-181/prosoft6/bin/stm32f0discovery/core.a(thread.o)
                0x0000000008000c9c                thread_create
 .text.pm_set_lowest
                0x0000000008000d84       0x20 /home/ek-181/prosoft6/bin/stm32f0discovery/cortexm_common_periph.a(pm.o)
                0x0000000008000d84                pm_set_lowest
 .text.isrpipe_write_one
                0x0000000008000da4       0x16 /home/ek-181/prosoft6/bin/stm32f0discovery/isrpipe.a(isrpipe.o)
                0x0000000008000da4                isrpipe_write_one
 .text.isrpipe_read
                0x0000000008000dba       0x24 /home/ek-181/prosoft6/bin/stm32f0discovery/isrpipe.a(isrpipe.o)
                0x0000000008000dba                isrpipe_read
 .text.cpu_init
                0x0000000008000dde       0x1a /home/ek-181/prosoft6/bin/stm32f0discovery/stm32_common.a(cpu_init.o)
                0x0000000008000dde                cpu_init
 .text.periph_apb_clk
                0x0000000008000df8        0x8 /home/ek-181/prosoft6/bin/stm32f0discovery/stm32_common.a(cpu_common.o)
                0x0000000008000df8                periph_apb_clk
 .text.periph_timer_clk
                0x0000000008000e00       0x14 /home/ek-181/prosoft6/bin/stm32f0discovery/stm32_common.a(cpu_common.o)
                0x0000000008000e00                periph_timer_clk
 .text.periph_clk_en
                0x0000000008000e14       0x34 /home/ek-181/prosoft6/bin/stm32f0discovery/stm32_common.a(cpu_common.o)
                0x0000000008000e14                periph_clk_en
 .text.stmclk_init_sysclk
                0x0000000008000e48       0x8c /home/ek-181/prosoft6/bin/stm32f0discovery/stm32_common.a(stmclk.o)
                0x0000000008000e48                stmclk_init_sysclk
 .text.stmclk_enable_hsi
                0x0000000008000ed4       0x18 /home/ek-181/prosoft6/bin/stm32f0discovery/stm32_common.a(stmclk_common.o)
                0x0000000008000ed4                stmclk_enable_hsi
 .text.stmclk_disable_hsi
                0x0000000008000eec       0x18 /home/ek-181/prosoft6/bin/stm32f0discovery/stm32_common.a(stmclk_common.o)
                0x0000000008000eec                stmclk_disable_hsi
 .text.timer_set_absolute
                0x0000000008000f04       0x3c /home/ek-181/prosoft6/bin/stm32f0discovery/stm32_common_periph.a(timer.o)
                0x0000000008000f04                timer_set_absolute
 .text.timer_read
                0x0000000008000f40       0x10 /home/ek-181/prosoft6/bin/stm32f0discovery/stm32_common_periph.a(timer.o)
                0x0000000008000f40                timer_read
 .text.timer_start
                0x0000000008000f50       0x14 /home/ek-181/prosoft6/bin/stm32f0discovery/stm32_common_periph.a(timer.o)
                0x0000000008000f50                timer_start
 .text.timer_init
                0x0000000008000f64       0x58 /home/ek-181/prosoft6/bin/stm32f0discovery/stm32_common_periph.a(timer.o)
                0x0000000008000f64                timer_init
 .text.isr_tim2
                0x0000000008000fbc       0x44 /home/ek-181/prosoft6/bin/stm32f0discovery/stm32_common_periph.a(timer.o)
                0x0000000008000fbc                isr_tim2
 .text._pop     0x0000000008001000       0x12 /home/ek-181/prosoft6/bin/stm32f0discovery/tsrb.a(tsrb.o)
 .text.tsrb_get
                0x0000000008001012       0x28 /home/ek-181/prosoft6/bin/stm32f0discovery/tsrb.a(tsrb.o)
                0x0000000008001012                tsrb_get
 .text.tsrb_add_one
                0x000000000800103a       0x26 /home/ek-181/prosoft6/bin/stm32f0discovery/tsrb.a(tsrb.o)
                0x000000000800103a                tsrb_add_one
 .text.periph_init
                0x0000000008001060        0x2 /home/ek-181/prosoft6/bin/stm32f0discovery/periph_common.a(init.o)
                0x0000000008001060                periph_init
 *fill*         0x0000000008001062        0x2 
 .text.startup.main
                0x0000000008001064       0x3c /home/ek-181/prosoft6/bin/stm32f0discovery/application_prosoft6.a(main.o)
                0x0000000008001064                main
 .text.auto_init
                0x00000000080010a0        0x8 /home/ek-181/prosoft6/bin/stm32f0discovery/auto_init.a(auto_init.o)
                0x00000000080010a0                auto_init
 .text._mutex_lock
                0x00000000080010a8       0x60 /home/ek-181/prosoft6/bin/stm32f0discovery/core.a(mutex.o)
                0x00000000080010a8                _mutex_lock
 .text.mutex_unlock
                0x0000000008001108       0x4a /home/ek-181/prosoft6/bin/stm32f0discovery/core.a(mutex.o)
                0x0000000008001108                mutex_unlock
 *fill*         0x0000000008001152        0x2 
 .text.cortexm_init
                0x0000000008001154       0x70 /home/ek-181/prosoft6/bin/stm32f0discovery/cortexm_common.a(cortexm_init.o)
                0x0000000008001154                cortexm_init
 .text._callback_unlock_mutex
                0x00000000080011c4        0x8 /home/ek-181/prosoft6/bin/stm32f0discovery/xtimer.a(xtimer.o)
 .text._xtimer_spin
                0x00000000080011cc       0x1a /home/ek-181/prosoft6/bin/stm32f0discovery/xtimer.a(xtimer.o)
 *fill*         0x00000000080011e6        0x2 
 .text._xtimer_periodic_wakeup
                0x00000000080011e8       0x74 /home/ek-181/prosoft6/bin/stm32f0discovery/xtimer.a(xtimer.o)
                0x00000000080011e8                _xtimer_periodic_wakeup
 .text          0x000000000800125c      0x114 /usr/bin/../lib/gcc/arm-none-eabi/7.3.1/thumb/v6-m/libgcc.a(_udivsi3.o)
                0x000000000800125c                __udivsi3
                0x000000000800125c                __aeabi_uidiv
                0x0000000008001368                __aeabi_uidivmod
 .text          0x0000000008001370        0x4 /usr/bin/../lib/gcc/arm-none-eabi/7.3.1/thumb/v6-m/libgcc.a(_dvmd_tls.o)
                0x0000000008001370                __aeabi_ldiv0
                0x0000000008001370                __aeabi_idiv0
 .text.__libc_init_array
                0x0000000008001374       0x48 /usr/bin/../lib/gcc/arm-none-eabi/7.3.1/../../../../arm-none-eabi/lib/thumb/v6-m/libc_nano.a(lib_a-init.o)
                0x0000000008001374                __libc_init_array
 .text.memset   0x00000000080013bc       0x10 /usr/bin/../lib/gcc/arm-none-eabi/7.3.1/../../../../arm-none-eabi/lib/thumb/v6-m/libc_nano.a(lib_a-memset.o)
                0x00000000080013bc                memset
 .text.printf   0x00000000080013cc       0x34 /usr/bin/../lib/gcc/arm-none-eabi/7.3.1/../../../../arm-none-eabi/lib/thumb/v6-m/libc_nano.a(lib_a-printf.o)
                0x00000000080013cc                printf
                0x00000000080013cc                iprintf
 .text._puts_r  0x0000000008001400       0xc0 /usr/bin/../lib/gcc/arm-none-eabi/7.3.1/../../../../arm-none-eabi/lib/thumb/v6-m/libc_nano.a(lib_a-puts.o)
                0x0000000008001400                _puts_r
 .text.puts     0x00000000080014c0       0x14 /usr/bin/../lib/gcc/arm-none-eabi/7.3.1/../../../../arm-none-eabi/lib/thumb/v6-m/libc_nano.a(lib_a-puts.o)
                0x00000000080014c0                puts
 .text.__swbuf_r
                0x00000000080014d4       0xac /usr/bin/../lib/gcc/arm-none-eabi/7.3.1/../../../../arm-none-eabi/lib/thumb/v6-m/libc_nano.a(lib_a-wbuf.o)
                0x00000000080014d4                __swbuf_r
 .text.__swsetup_r
                0x0000000008001580       0xec /usr/bin/../lib/gcc/arm-none-eabi/7.3.1/../../../../arm-none-eabi/lib/thumb/v6-m/libc_nano.a(lib_a-wsetup.o)
                0x0000000008001580                __swsetup_r
 .text.__sflush_r
                0x000000000800166c      0x114 /usr/bin/../lib/gcc/arm-none-eabi/7.3.1/../../../../arm-none-eabi/lib/thumb/v6-m/libc_nano.a(lib_a-fflush.o)
                0x000000000800166c                __sflush_r
 .text._fflush_r
                0x0000000008001780       0x58 /usr/bin/../lib/gcc/arm-none-eabi/7.3.1/../../../../arm-none-eabi/lib/thumb/v6-m/libc_nano.a(lib_a-fflush.o)
                0x0000000008001780                _fflush_r
 .text.std      0x00000000080017d8       0x48 /usr/bin/../lib/gcc/arm-none-eabi/7.3.1/../../../../arm-none-eabi/lib/thumb/v6-m/libc_nano.a(lib_a-findfp.o)
 .text._cleanup_r
                0x0000000008001820       0x10 /usr/bin/../lib/gcc/arm-none-eabi/7.3.1/../../../../arm-none-eabi/lib/thumb/v6-m/libc_nano.a(lib_a-findfp.o)
                0x0000000008001820                _cleanup_r
 .text.__sfmoreglue
                0x0000000008001830       0x2c /usr/bin/../lib/gcc/arm-none-eabi/7.3.1/../../../../arm-none-eabi/lib/thumb/v6-m/libc_nano.a(lib_a-findfp.o)
                0x0000000008001830                __sfmoreglue
 .text.__sinit  0x000000000800185c       0x68 /usr/bin/../lib/gcc/arm-none-eabi/7.3.1/../../../../arm-none-eabi/lib/thumb/v6-m/libc_nano.a(lib_a-findfp.o)
                0x000000000800185c                __sinit
 .text.__sfp    0x00000000080018c4       0x7c /usr/bin/../lib/gcc/arm-none-eabi/7.3.1/../../../../arm-none-eabi/lib/thumb/v6-m/libc_nano.a(lib_a-findfp.o)
                0x00000000080018c4                __sfp
 .text._fwalk_reent
                0x0000000008001940       0x42 /usr/bin/../lib/gcc/arm-none-eabi/7.3.1/../../../../arm-none-eabi/lib/thumb/v6-m/libc_nano.a(lib_a-fwalk.o)
                0x0000000008001940                _fwalk_reent
 *fill*         0x0000000008001982        0x2 
 .text.__swhatbuf_r
                0x0000000008001984       0x50 /usr/bin/../lib/gcc/arm-none-eabi/7.3.1/../../../../arm-none-eabi/lib/thumb/v6-m/libc_nano.a(lib_a-makebuf.o)
                0x0000000008001984                __swhatbuf_r
 .text.__smakebuf_r
                0x00000000080019d4       0x88 /usr/bin/../lib/gcc/arm-none-eabi/7.3.1/../../../../arm-none-eabi/lib/thumb/v6-m/libc_nano.a(lib_a-makebuf.o)
                0x00000000080019d4                __smakebuf_r
 .text._free_r  0x0000000008001a5c       0x94 /usr/bin/../lib/gcc/arm-none-eabi/7.3.1/../../../../arm-none-eabi/lib/thumb/v6-m/libc_nano.a(lib_a-nano-freer.o)
                0x0000000008001a5c                _free_r
 .text._malloc_r
                0x0000000008001af0       0xbc /usr/bin/../lib/gcc/arm-none-eabi/7.3.1/../../../../arm-none-eabi/lib/thumb/v6-m/libc_nano.a(lib_a-nano-mallocr.o)
                0x0000000008001af0                _malloc_r
 .text.__sfputc_r
                0x0000000008001bac       0x2a /usr/bin/../lib/gcc/arm-none-eabi/7.3.1/../../../../arm-none-eabi/lib/thumb/v6-m/libc_nano.a(lib_a-nano-vfprintf.o)
 .text.__sfputs_r
                0x0000000008001bd6       0x24 /usr/bin/../lib/gcc/arm-none-eabi/7.3.1/../../../../arm-none-eabi/lib/thumb/v6-m/libc_nano.a(lib_a-nano-vfprintf.o)
                0x0000000008001bd6                __sfputs_r
 *fill*         0x0000000008001bfa        0x2 
 .text._vfprintf_r
                0x0000000008001bfc      0x22c /usr/bin/../lib/gcc/arm-none-eabi/7.3.1/../../../../arm-none-eabi/lib/thumb/v6-m/libc_nano.a(lib_a-nano-vfprintf.o)
                0x0000000008001bfc                _vfiprintf_r
                0x0000000008001bfc                _vfprintf_r
 .text._printf_common
                0x0000000008001e28       0xda /usr/bin/../lib/gcc/arm-none-eabi/7.3.1/../../../../arm-none-eabi/lib/thumb/v6-m/libc_nano.a(lib_a-nano-vfprintf_i.o)
                0x0000000008001e28                _printf_common
 *fill*         0x0000000008001f02        0x2 
 .text._printf_i
                0x0000000008001f04      0x210 /usr/bin/../lib/gcc/arm-none-eabi/7.3.1/../../../../arm-none-eabi/lib/thumb/v6-m/libc_nano.a(lib_a-nano-vfprintf_i.o)
                0x0000000008001f04                _printf_i
 .text.__sread  0x0000000008002114       0x28 /usr/bin/../lib/gcc/arm-none-eabi/7.3.1/../../../../arm-none-eabi/lib/thumb/v6-m/libc_nano.a(lib_a-stdio.o)
                0x0000000008002114                __sread
 .text.__swrite
                0x000000000800213c       0x38 /usr/bin/../lib/gcc/arm-none-eabi/7.3.1/../../../../arm-none-eabi/lib/thumb/v6-m/libc_nano.a(lib_a-stdio.o)
                0x000000000800213c                __swrite
 .text.__sseek  0x0000000008002174       0x2c /usr/bin/../lib/gcc/arm-none-eabi/7.3.1/../../../../arm-none-eabi/lib/thumb/v6-m/libc_nano.a(lib_a-stdio.o)
                0x0000000008002174                __sseek
 .text.__sclose
                0x00000000080021a0        0xc /usr/bin/../lib/gcc/arm-none-eabi/7.3.1/../../../../arm-none-eabi/lib/thumb/v6-m/libc_nano.a(lib_a-stdio.o)
                0x00000000080021a0                __sclose
 .text.memchr   0x00000000080021ac       0x16 /usr/bin/../lib/gcc/arm-none-eabi/7.3.1/../../../../arm-none-eabi/lib/thumb/v6-m/libc_nano.a(lib_a-memchr-stub.o)
                0x00000000080021ac                memchr
 .text.__malloc_lock
                0x00000000080021c2        0x2 /usr/bin/../lib/gcc/arm-none-eabi/7.3.1/../../../../arm-none-eabi/lib/thumb/v6-m/libc_nano.a(lib_a-mlock.o)
                0x00000000080021c2                __malloc_lock
 .text.__malloc_unlock
                0x00000000080021c4        0x2 /usr/bin/../lib/gcc/arm-none-eabi/7.3.1/../../../../arm-none-eabi/lib/thumb/v6-m/libc_nano.a(lib_a-mlock.o)
                0x00000000080021c4                __malloc_unlock
 *(.glue_7t)
 .glue_7t       0x00000000080021c6        0x0 linker stubs
 *(.glue_7)
 .glue_7        0x00000000080021c6        0x0 linker stubs
 *(.rodata .rodata* .gnu.linkonce.r.*)
 .rodata.MultiplyDeBruijnBitPosition
                0x00000000080021c6       0x20 /home/ek-181/prosoft6/bin/stm32f0discovery/core.a(bitarithm.o)
                0x00000000080021c6                MultiplyDeBruijnBitPosition
 .rodata.dummy_handler_default.str1.1
                0x00000000080021e6        0xe /home/ek-181/prosoft6/bin/stm32f0discovery/cortexm_common.a(vectors_cortexm.o)
 .rodata.hard_fault_handler.str1.1
                0x00000000080021f4      0x18b /home/ek-181/prosoft6/bin/stm32f0discovery/cortexm_common.a(vectors_cortexm.o)
 .rodata.nmi_default.str1.1
                0x000000000800237f        0xc /home/ek-181/prosoft6/bin/stm32f0discovery/cortexm_common.a(vectors_cortexm.o)
 *fill*         0x000000000800238b        0x1 
 .rodata.uart_config
                0x000000000800238c       0x28 /home/ek-181/prosoft6/bin/stm32f0discovery/stm32_common_periph.a(uart.o)
 .rodata.assert_crash_message
                0x00000000080023b4       0x12 /home/ek-181/prosoft6/bin/stm32f0discovery/core.a(panic.o)
                0x00000000080023b4                assert_crash_message
 .rodata.core_panic.str1.1
                0x00000000080023c6       0x2e /home/ek-181/prosoft6/bin/stm32f0discovery/core.a(panic.o)
 .rodata.main_trampoline.str1.1
                0x00000000080023f4       0x2a /home/ek-181/prosoft6/bin/stm32f0discovery/core.a(kernel_init.o)
 .rodata.str1.1
                0x000000000800241e        0xa /home/ek-181/prosoft6/bin/stm32f0discovery/core.a(kernel_init.o)
 .rodata.apbmul
                0x0000000008002428        0x2 /home/ek-181/prosoft6/bin/stm32f0discovery/stm32_common.a(cpu_common.o)
 *fill*         0x000000000800242a        0x2 
 .rodata.timer_config
                0x000000000800242c       0x10 /home/ek-181/prosoft6/bin/stm32f0discovery/stm32_common_periph.a(timer.o)
 .rodata._global_impure_ptr
                0x000000000800243c        0x4 /usr/bin/../lib/gcc/arm-none-eabi/7.3.1/../../../../arm-none-eabi/lib/thumb/v6-m/libc_nano.a(lib_a-impure.o)
                0x000000000800243c                _global_impure_ptr
 .rodata.__sf_fake_stderr
                0x0000000008002440       0x20 /usr/bin/../lib/gcc/arm-none-eabi/7.3.1/../../../../arm-none-eabi/lib/thumb/v6-m/libc_nano.a(lib_a-findfp.o)
                0x0000000008002440                __sf_fake_stderr
 .rodata.__sf_fake_stdin
                0x0000000008002460       0x20 /usr/bin/../lib/gcc/arm-none-eabi/7.3.1/../../../../arm-none-eabi/lib/thumb/v6-m/libc_nano.a(lib_a-findfp.o)
                0x0000000008002460                __sf_fake_stdin
 .rodata.__sf_fake_stdout
                0x0000000008002480       0x20 /usr/bin/../lib/gcc/arm-none-eabi/7.3.1/../../../../arm-none-eabi/lib/thumb/v6-m/libc_nano.a(lib_a-findfp.o)
                0x0000000008002480                __sf_fake_stdout
 .rodata._vfprintf_r.str1.1
                0x00000000080024a0       0x11 /usr/bin/../lib/gcc/arm-none-eabi/7.3.1/../../../../arm-none-eabi/lib/thumb/v6-m/libc_nano.a(lib_a-nano-vfprintf.o)
 .rodata._printf_i.str1.1
                0x00000000080024b1       0x22 /usr/bin/../lib/gcc/arm-none-eabi/7.3.1/../../../../arm-none-eabi/lib/thumb/v6-m/libc_nano.a(lib_a-nano-vfprintf_i.o)
 *(.ARM.extab* .gnu.linkonce.armextab.*)
                0x00000000080024d4                . = ALIGN (0x4)
 *fill*         0x00000000080024d3        0x1 
 *(.init)
                0x00000000080024d4                . = ALIGN (0x4)
                0x00000000080024d4                __preinit_array_start = .
 *(.preinit_array)
                0x00000000080024d4                __preinit_array_end = .
                0x00000000080024d4                . = ALIGN (0x4)
                0x00000000080024d4                __init_array_start = .
 *(SORT_BY_NAME(.init_array.*))
 *(.init_array)
                0x00000000080024d4                __init_array_end = .
                0x00000000080024d4                . = ALIGN (0x4)
 *crtbegin.o(.ctors)
 *(EXCLUDE_FILE(*crtend.o) .ctors)
 *(SORT_BY_NAME(.ctors.*))
 *crtend.o(.ctors)
                0x00000000080024d4                . = ALIGN (0x4)
 *(.fini)
                0x00000000080024d4                . = ALIGN (0x4)
                0x00000000080024d4                __fini_array_start = .
 *(.fini_array)
 *(SORT_BY_NAME(.fini_array.*))
                0x00000000080024d4                __fini_array_end = .
 *crtbegin.o(.dtors)
 *(EXCLUDE_FILE(*crtend.o) .dtors)
 *(SORT_BY_NAME(.dtors.*))
 *crtend.o(.dtors)
                0x00000000080024d4                . = ALIGN (0x4)
                0x00000000080024d4                _efixed = .
                [!provide]                        PROVIDE (__exidx_start = .)

.vfp11_veneer   0x00000000080024d4        0x0
 .vfp11_veneer  0x00000000080024d4        0x0 linker stubs

.v4_bx          0x00000000080024d4        0x0
 .v4_bx         0x00000000080024d4        0x0 linker stubs

.iplt           0x00000000080024d4        0x0
 .iplt          0x00000000080024d4        0x0 /home/ek-181/prosoft6/bin/stm32f0discovery/cpu/vectors.o

.igot.plt       0x00000000080024d4        0x0
 .igot.plt      0x00000000080024d4        0x0 /home/ek-181/prosoft6/bin/stm32f0discovery/cpu/vectors.o

.rel.dyn        0x00000000080024d4        0x0
 .rel.iplt      0x00000000080024d4        0x0 /home/ek-181/prosoft6/bin/stm32f0discovery/cpu/vectors.o

.ARM.exidx
 *(.ARM.exidx* .gnu.linkonce.armexidx.*)
                [!provide]                        PROVIDE (__exidx_end = .)
                0x00000000080024d4                . = ALIGN (0x4)

.eh_frame
 *(.eh_frame)
                0x00000000080024d4                . = ALIGN (0x4)
                0x00000000080024d4                _etext = .

.stack          0x0000000020000000      0x200
 *(.puf)
                0x0000000020000000                . = ALIGN (0x8)
                0x0000000020000000                _sstack = .
 *(.isr_stack)
 .isr_stack     0x0000000020000000      0x200 /home/ek-181/prosoft6/bin/stm32f0discovery/cortexm_common.a(vectors_cortexm.o)
                0x0000000020000000                isr_stack
                0x0000000020000200                . = ALIGN (0x8)
                0x0000000020000200                _estack = .

.relocate       0x0000000020000200       0x88 load address 0x00000000080024d4
                0x0000000020000200                . = ALIGN (0x4)
                0x0000000020000200                _srelocate = .
 *(.ramfunc .ramfunc.*)
 *(.data .data.*)
 .data.heap_top
                0x0000000020000200        0x4 /home/ek-181/prosoft6/bin/stm32f0discovery/newlib_syscalls_default/syscalls.o
                0x0000000020000200                heap_top
 .data.stdio_uart_isrpipe
                0x0000000020000204       0x14 /home/ek-181/prosoft6/bin/stm32f0discovery/stdio_uart.a(stdio_uart.o)
                0x0000000020000204                stdio_uart_isrpipe
 .data.idle_name
                0x0000000020000218        0x4 /home/ek-181/prosoft6/bin/stm32f0discovery/core.a(kernel_init.o)
                0x0000000020000218                idle_name
 .data.main_name
                0x000000002000021c        0x4 /home/ek-181/prosoft6/bin/stm32f0discovery/core.a(kernel_init.o)
                0x000000002000021c                main_name
 .data._impure_ptr
                0x0000000020000220        0x4 /usr/bin/../lib/gcc/arm-none-eabi/7.3.1/../../../../arm-none-eabi/lib/thumb/v6-m/libc_nano.a(lib_a-impure.o)
                0x0000000020000220                _impure_ptr
 .data.impure_data
                0x0000000020000224       0x60 /usr/bin/../lib/gcc/arm-none-eabi/7.3.1/../../../../arm-none-eabi/lib/thumb/v6-m/libc_nano.a(lib_a-impure.o)
 *(.openocd .openocd.*)
 .openocd       0x0000000020000284        0x2 /home/ek-181/prosoft6/bin/stm32f0discovery/core.a(sched.o)
                0x0000000020000284                _tcb_name_offset
                0x0000000020000285                max_threads
                0x0000000020000288                . = ALIGN (0x4)
 *fill*         0x0000000020000286        0x2 
                0x0000000020000288                _erelocate = .

.bss            0x0000000020000288      0x850 load address 0x000000000800255c
                0x0000000020000288                . = ALIGN (0x4)
                0x0000000020000288                _sbss = .
                0x0000000020000288                _szero = .
 *(.bss .bss.*)
 .bss.runqueue_bitcache
                0x0000000020000288        0x4 /home/ek-181/prosoft6/bin/stm32f0discovery/core.a(sched.o)
 .bss.sched_active_pid
                0x000000002000028c        0x2 /home/ek-181/prosoft6/bin/stm32f0discovery/core.a(sched.o)
                0x000000002000028c                sched_active_pid
 *fill*         0x000000002000028e        0x2 
 .bss.sched_active_thread
                0x0000000020000290        0x4 /home/ek-181/prosoft6/bin/stm32f0discovery/core.a(sched.o)
                0x0000000020000290                sched_active_thread
 .bss.sched_context_switch_request
                0x0000000020000294        0x4 /home/ek-181/prosoft6/bin/stm32f0discovery/core.a(sched.o)
                0x0000000020000294                sched_context_switch_request
 .bss.sched_num_threads
                0x0000000020000298        0x4 /home/ek-181/prosoft6/bin/stm32f0discovery/core.a(sched.o)
                0x0000000020000298                sched_num_threads
 .bss.sched_runqueues
                0x000000002000029c       0x40 /home/ek-181/prosoft6/bin/stm32f0discovery/core.a(sched.o)
                0x000000002000029c                sched_runqueues
 .bss.sched_threads
                0x00000000200002dc       0x84 /home/ek-181/prosoft6/bin/stm32f0discovery/core.a(sched.o)
                0x00000000200002dc                sched_threads
 .bss._rx_buf_mem
                0x0000000020000360       0x40 /home/ek-181/prosoft6/bin/stm32f0discovery/stdio_uart.a(stdio_uart.o)
 .bss.isr_ctx   0x00000000200003a0       0x10 /home/ek-181/prosoft6/bin/stm32f0discovery/stm32_common_periph.a(uart.o)
 .bss._in_handler
                0x00000000200003b0        0x4 /home/ek-181/prosoft6/bin/stm32f0discovery/xtimer.a(xtimer_core.o)
 .bss._long_cnt
                0x00000000200003b4        0x4 /home/ek-181/prosoft6/bin/stm32f0discovery/xtimer.a(xtimer_core.o)
 .bss.long_list_head
                0x00000000200003b8        0x4 /home/ek-181/prosoft6/bin/stm32f0discovery/xtimer.a(xtimer_core.o)
 .bss.overflow_list_head
                0x00000000200003bc        0x4 /home/ek-181/prosoft6/bin/stm32f0discovery/xtimer.a(xtimer_core.o)
 .bss.timer_list_head
                0x00000000200003c0        0x4 /home/ek-181/prosoft6/bin/stm32f0discovery/xtimer.a(xtimer_core.o)
 .bss.crashed   0x00000000200003c4        0x4 /home/ek-181/prosoft6/bin/stm32f0discovery/core.a(panic.o)
 .bss.idle_stack
                0x00000000200003c8      0x100 /home/ek-181/prosoft6/bin/stm32f0discovery/core.a(kernel_init.o)
 .bss.main_stack
                0x00000000200004c8      0x600 /home/ek-181/prosoft6/bin/stm32f0discovery/core.a(kernel_init.o)
 .bss.isr_ctx   0x0000000020000ac8        0x8 /home/ek-181/prosoft6/bin/stm32f0discovery/stm32_common_periph.a(timer.o)
 .bss.__malloc_free_list
                0x0000000020000ad0        0x4 /usr/bin/../lib/gcc/arm-none-eabi/7.3.1/../../../../arm-none-eabi/lib/thumb/v6-m/libc_nano.a(lib_a-nano-mallocr.o)
                0x0000000020000ad0                __malloc_free_list
 .bss.__malloc_sbrk_start
                0x0000000020000ad4        0x4 /usr/bin/../lib/gcc/arm-none-eabi/7.3.1/../../../../arm-none-eabi/lib/thumb/v6-m/libc_nano.a(lib_a-nano-mallocr.o)
                0x0000000020000ad4                __malloc_sbrk_start
 *(COMMON)
                0x0000000020000ad8                . = ALIGN (0x4)
                0x0000000020000ad8                _ebss = .
                0x0000000020000ad8                _ezero = .
                0x0000000020000ad8                . = ALIGN (0x4)
                0x0000000020000ad8                _sheap = .
                0x0000000020002000                _eheap = (ORIGIN (ram) + LENGTH (ram))
                0x0000000020000000                _sram = ORIGIN (ram)
                0x0000000020002000                _eram = (ORIGIN (ram) + LENGTH (ram))
OUTPUT(/home/ek-181/prosoft6/bin/stm32f0discovery/prosoft6.elf elf32-littlearm)

.debug_info     0x0000000000000000    0x1dd19
 .debug_info    0x0000000000000000       0xd7 /home/ek-181/prosoft6/bin/stm32f0discovery/cpu/vectors.o
 .debug_info    0x00000000000000d7     0x1a69 /home/ek-181/prosoft6/bin/stm32f0discovery/newlib_syscalls_default/syscalls.o
 .debug_info    0x0000000000001b40      0xddd /home/ek-181/prosoft6/bin/stm32f0discovery/core.a(sched.o)
 .debug_info    0x000000000000291d      0x936 /home/ek-181/prosoft6/bin/stm32f0discovery/core.a(bitarithm.o)
 .debug_info    0x0000000000003253      0xe7d /home/ek-181/prosoft6/bin/stm32f0discovery/cortexm_common.a(thread_arch.o)
 .debug_info    0x00000000000040d0      0xffb /home/ek-181/prosoft6/bin/stm32f0discovery/cortexm_common.a(vectors_cortexm.o)
 .debug_info    0x00000000000050cb      0xc61 /home/ek-181/prosoft6/bin/stm32f0discovery/cortexm_common.a(irq_arch.o)
 .debug_info    0x0000000000005d2c     0x1285 /home/ek-181/prosoft6/bin/stm32f0discovery/stdio_uart.a(stdio_uart.o)
 .debug_info    0x0000000000006fb1     0x17f4 /home/ek-181/prosoft6/bin/stm32f0discovery/stm32_common_periph.a(uart.o)
 .debug_info    0x00000000000087a5     0x15f3 /home/ek-181/prosoft6/bin/stm32f0discovery/stm32_common_periph.a(gpio.o)
 .debug_info    0x0000000000009d98     0x1cf2 /home/ek-181/prosoft6/bin/stm32f0discovery/xtimer.a(xtimer_core.o)
 .debug_info    0x000000000000ba8a      0xb17 /home/ek-181/prosoft6/bin/stm32f0discovery/periph_common.a(pm.o)
 .debug_info    0x000000000000c5a1     0x10fb /home/ek-181/prosoft6/bin/stm32f0discovery/board.a(board.o)
 .debug_info    0x000000000000d69c      0xc99 /home/ek-181/prosoft6/bin/stm32f0discovery/core.a(panic.o)
 .debug_info    0x000000000000e335      0xd1b /home/ek-181/prosoft6/bin/stm32f0discovery/core.a(kernel_init.o)
 .debug_info    0x000000000000f050     0x1165 /home/ek-181/prosoft6/bin/stm32f0discovery/core.a(thread.o)
 .debug_info    0x00000000000101b5      0xcb8 /home/ek-181/prosoft6/bin/stm32f0discovery/cortexm_common_periph.a(pm.o)
 .debug_info    0x0000000000010e6d     0x16b3 /home/ek-181/prosoft6/bin/stm32f0discovery/isrpipe.a(isrpipe.o)
 .debug_info    0x0000000000012520      0xb85 /home/ek-181/prosoft6/bin/stm32f0discovery/stm32_common.a(cpu_init.o)
 .debug_info    0x00000000000130a5     0x121e /home/ek-181/prosoft6/bin/stm32f0discovery/stm32_common.a(cpu_common.o)
 .debug_info    0x00000000000142c3     0x11f8 /home/ek-181/prosoft6/bin/stm32f0discovery/stm32_common.a(stmclk.o)
 .debug_info    0x00000000000154bb     0x118a /home/ek-181/prosoft6/bin/stm32f0discovery/stm32_common.a(stmclk_common.o)
 .debug_info    0x0000000000016645     0x15c2 /home/ek-181/prosoft6/bin/stm32f0discovery/stm32_common_periph.a(timer.o)
 .debug_info    0x0000000000017c07      0x39e /home/ek-181/prosoft6/bin/stm32f0discovery/tsrb.a(tsrb.o)
 .debug_info    0x0000000000017fa5       0x3b /home/ek-181/prosoft6/bin/stm32f0discovery/periph_common.a(init.o)
 .debug_info    0x0000000000017fe0     0x126e /home/ek-181/prosoft6/bin/stm32f0discovery/application_prosoft6.a(main.o)
 .debug_info    0x000000000001924e     0x1054 /home/ek-181/prosoft6/bin/stm32f0discovery/auto_init.a(auto_init.o)
 .debug_info    0x000000000001a2a2      0xe41 /home/ek-181/prosoft6/bin/stm32f0discovery/core.a(mutex.o)
 .debug_info    0x000000000001b0e3      0xec0 /home/ek-181/prosoft6/bin/stm32f0discovery/cortexm_common.a(cortexm_init.o)
 .debug_info    0x000000000001bfa3     0x1d76 /home/ek-181/prosoft6/bin/stm32f0discovery/xtimer.a(xtimer.o)

.debug_abbrev   0x0000000000000000     0x4cbf
 .debug_abbrev  0x0000000000000000       0xaa /home/ek-181/prosoft6/bin/stm32f0discovery/cpu/vectors.o
 .debug_abbrev  0x00000000000000aa      0x431 /home/ek-181/prosoft6/bin/stm32f0discovery/newlib_syscalls_default/syscalls.o
 .debug_abbrev  0x00000000000004db      0x315 /home/ek-181/prosoft6/bin/stm32f0discovery/core.a(sched.o)
 .debug_abbrev  0x00000000000007f0      0x1bf /home/ek-181/prosoft6/bin/stm32f0discovery/core.a(bitarithm.o)
 .debug_abbrev  0x00000000000009af      0x33b /home/ek-181/prosoft6/bin/stm32f0discovery/cortexm_common.a(thread_arch.o)
 .debug_abbrev  0x0000000000000cea      0x350 /home/ek-181/prosoft6/bin/stm32f0discovery/cortexm_common.a(vectors_cortexm.o)
 .debug_abbrev  0x000000000000103a      0x24f /home/ek-181/prosoft6/bin/stm32f0discovery/cortexm_common.a(irq_arch.o)
 .debug_abbrev  0x0000000000001289      0x24c /home/ek-181/prosoft6/bin/stm32f0discovery/stdio_uart.a(stdio_uart.o)
 .debug_abbrev  0x00000000000014d5      0x3d5 /home/ek-181/prosoft6/bin/stm32f0discovery/stm32_common_periph.a(uart.o)
 .debug_abbrev  0x00000000000018aa      0x2c5 /home/ek-181/prosoft6/bin/stm32f0discovery/stm32_common_periph.a(gpio.o)
 .debug_abbrev  0x0000000000001b6f      0x4fa /home/ek-181/prosoft6/bin/stm32f0discovery/xtimer.a(xtimer_core.o)
 .debug_abbrev  0x0000000000002069      0x1ab /home/ek-181/prosoft6/bin/stm32f0discovery/periph_common.a(pm.o)
 .debug_abbrev  0x0000000000002214      0x1fa /home/ek-181/prosoft6/bin/stm32f0discovery/board.a(board.o)
 .debug_abbrev  0x000000000000240e      0x270 /home/ek-181/prosoft6/bin/stm32f0discovery/core.a(panic.o)
 .debug_abbrev  0x000000000000267e      0x241 /home/ek-181/prosoft6/bin/stm32f0discovery/core.a(kernel_init.o)
 .debug_abbrev  0x00000000000028bf      0x346 /home/ek-181/prosoft6/bin/stm32f0discovery/core.a(thread.o)
 .debug_abbrev  0x0000000000002c05      0x247 /home/ek-181/prosoft6/bin/stm32f0discovery/cortexm_common_periph.a(pm.o)
 .debug_abbrev  0x0000000000002e4c      0x338 /home/ek-181/prosoft6/bin/stm32f0discovery/isrpipe.a(isrpipe.o)
 .debug_abbrev  0x0000000000003184      0x1f8 /home/ek-181/prosoft6/bin/stm32f0discovery/stm32_common.a(cpu_init.o)
 .debug_abbrev  0x000000000000337c      0x28e /home/ek-181/prosoft6/bin/stm32f0discovery/stm32_common.a(cpu_common.o)
 .debug_abbrev  0x000000000000360a      0x207 /home/ek-181/prosoft6/bin/stm32f0discovery/stm32_common.a(stmclk.o)
 .debug_abbrev  0x0000000000003811      0x1c3 /home/ek-181/prosoft6/bin/stm32f0discovery/stm32_common.a(stmclk_common.o)
 .debug_abbrev  0x00000000000039d4      0x382 /home/ek-181/prosoft6/bin/stm32f0discovery/stm32_common_periph.a(timer.o)
 .debug_abbrev  0x0000000000003d56      0x193 /home/ek-181/prosoft6/bin/stm32f0discovery/tsrb.a(tsrb.o)
 .debug_abbrev  0x0000000000003ee9       0x2f /home/ek-181/prosoft6/bin/stm32f0discovery/periph_common.a(init.o)
 .debug_abbrev  0x0000000000003f18      0x293 /home/ek-181/prosoft6/bin/stm32f0discovery/application_prosoft6.a(main.o)
 .debug_abbrev  0x00000000000041ab      0x1e1 /home/ek-181/prosoft6/bin/stm32f0discovery/auto_init.a(auto_init.o)
 .debug_abbrev  0x000000000000438c      0x2a3 /home/ek-181/prosoft6/bin/stm32f0discovery/core.a(mutex.o)
 .debug_abbrev  0x000000000000462f      0x2a4 /home/ek-181/prosoft6/bin/stm32f0discovery/cortexm_common.a(cortexm_init.o)
 .debug_abbrev  0x00000000000048d3      0x3ec /home/ek-181/prosoft6/bin/stm32f0discovery/xtimer.a(xtimer.o)

.debug_aranges  0x0000000000000000      0x778
 .debug_aranges
                0x0000000000000000       0x20 /home/ek-181/prosoft6/bin/stm32f0discovery/cpu/vectors.o
 .debug_aranges
                0x0000000000000020       0xb8 /home/ek-181/prosoft6/bin/stm32f0discovery/newlib_syscalls_default/syscalls.o
 .debug_aranges
                0x00000000000000d8       0x38 /home/ek-181/prosoft6/bin/stm32f0discovery/core.a(sched.o)
 .debug_aranges
                0x0000000000000110       0x28 /home/ek-181/prosoft6/bin/stm32f0discovery/core.a(bitarithm.o)
 .debug_aranges
                0x0000000000000138       0x60 /home/ek-181/prosoft6/bin/stm32f0discovery/cortexm_common.a(thread_arch.o)
 .debug_aranges
                0x0000000000000198       0x48 /home/ek-181/prosoft6/bin/stm32f0discovery/cortexm_common.a(vectors_cortexm.o)
 .debug_aranges
                0x00000000000001e0       0x38 /home/ek-181/prosoft6/bin/stm32f0discovery/cortexm_common.a(irq_arch.o)
 .debug_aranges
                0x0000000000000218       0x30 /home/ek-181/prosoft6/bin/stm32f0discovery/stdio_uart.a(stdio_uart.o)
 .debug_aranges
                0x0000000000000248       0x50 /home/ek-181/prosoft6/bin/stm32f0discovery/stm32_common_periph.a(uart.o)
 .debug_aranges
                0x0000000000000298       0x68 /home/ek-181/prosoft6/bin/stm32f0discovery/stm32_common_periph.a(gpio.o)
 .debug_aranges
                0x0000000000000300       0x78 /home/ek-181/prosoft6/bin/stm32f0discovery/xtimer.a(xtimer_core.o)
 .debug_aranges
                0x0000000000000378       0x20 /home/ek-181/prosoft6/bin/stm32f0discovery/periph_common.a(pm.o)
 .debug_aranges
                0x0000000000000398       0x20 /home/ek-181/prosoft6/bin/stm32f0discovery/board.a(board.o)
 .debug_aranges
                0x00000000000003b8       0x28 /home/ek-181/prosoft6/bin/stm32f0discovery/core.a(panic.o)
 .debug_aranges
                0x00000000000003e0       0x30 /home/ek-181/prosoft6/bin/stm32f0discovery/core.a(kernel_init.o)
 .debug_aranges
                0x0000000000000410       0x60 /home/ek-181/prosoft6/bin/stm32f0discovery/core.a(thread.o)
 .debug_aranges
                0x0000000000000470       0x28 /home/ek-181/prosoft6/bin/stm32f0discovery/cortexm_common_periph.a(pm.o)
 .debug_aranges
                0x0000000000000498       0x48 /home/ek-181/prosoft6/bin/stm32f0discovery/isrpipe.a(isrpipe.o)
 .debug_aranges
                0x00000000000004e0       0x20 /home/ek-181/prosoft6/bin/stm32f0discovery/stm32_common.a(cpu_init.o)
 .debug_aranges
                0x0000000000000500       0x38 /home/ek-181/prosoft6/bin/stm32f0discovery/stm32_common.a(cpu_common.o)
 .debug_aranges
                0x0000000000000538       0x20 /home/ek-181/prosoft6/bin/stm32f0discovery/stm32_common.a(stmclk.o)
 .debug_aranges
                0x0000000000000558       0x48 /home/ek-181/prosoft6/bin/stm32f0discovery/stm32_common.a(stmclk_common.o)
 .debug_aranges
                0x00000000000005a0       0x50 /home/ek-181/prosoft6/bin/stm32f0discovery/stm32_common_periph.a(timer.o)
 .debug_aranges
                0x00000000000005f0       0x48 /home/ek-181/prosoft6/bin/stm32f0discovery/tsrb.a(tsrb.o)
 .debug_aranges
                0x0000000000000638       0x20 /home/ek-181/prosoft6/bin/stm32f0discovery/periph_common.a(init.o)
 .debug_aranges
                0x0000000000000658       0x20 /home/ek-181/prosoft6/bin/stm32f0discovery/application_prosoft6.a(main.o)
 .debug_aranges
                0x0000000000000678       0x20 /home/ek-181/prosoft6/bin/stm32f0discovery/auto_init.a(auto_init.o)
 .debug_aranges
                0x0000000000000698       0x30 /home/ek-181/prosoft6/bin/stm32f0discovery/core.a(mutex.o)
 .debug_aranges
                0x00000000000006c8       0x20 /home/ek-181/prosoft6/bin/stm32f0discovery/cortexm_common.a(cortexm_init.o)
 .debug_aranges
                0x00000000000006e8       0x90 /home/ek-181/prosoft6/bin/stm32f0discovery/xtimer.a(xtimer.o)

.debug_ranges   0x0000000000000000      0xc48
 .debug_ranges  0x0000000000000000       0x10 /home/ek-181/prosoft6/bin/stm32f0discovery/cpu/vectors.o
 .debug_ranges  0x0000000000000010       0xe8 /home/ek-181/prosoft6/bin/stm32f0discovery/newlib_syscalls_default/syscalls.o
 .debug_ranges  0x00000000000000f8       0x90 /home/ek-181/prosoft6/bin/stm32f0discovery/core.a(sched.o)
 .debug_ranges  0x0000000000000188       0x18 /home/ek-181/prosoft6/bin/stm32f0discovery/core.a(bitarithm.o)
 .debug_ranges  0x00000000000001a0       0x68 /home/ek-181/prosoft6/bin/stm32f0discovery/cortexm_common.a(thread_arch.o)
 .debug_ranges  0x0000000000000208       0x38 /home/ek-181/prosoft6/bin/stm32f0discovery/cortexm_common.a(vectors_cortexm.o)
 .debug_ranges  0x0000000000000240       0x28 /home/ek-181/prosoft6/bin/stm32f0discovery/cortexm_common.a(irq_arch.o)
 .debug_ranges  0x0000000000000268       0x20 /home/ek-181/prosoft6/bin/stm32f0discovery/stdio_uart.a(stdio_uart.o)
 .debug_ranges  0x0000000000000288       0xa0 /home/ek-181/prosoft6/bin/stm32f0discovery/stm32_common_periph.a(uart.o)
 .debug_ranges  0x0000000000000328      0x128 /home/ek-181/prosoft6/bin/stm32f0discovery/stm32_common_periph.a(gpio.o)
 .debug_ranges  0x0000000000000450      0x1f8 /home/ek-181/prosoft6/bin/stm32f0discovery/xtimer.a(xtimer_core.o)
 .debug_ranges  0x0000000000000648       0x10 /home/ek-181/prosoft6/bin/stm32f0discovery/periph_common.a(pm.o)
 .debug_ranges  0x0000000000000658       0x10 /home/ek-181/prosoft6/bin/stm32f0discovery/board.a(board.o)
 .debug_ranges  0x0000000000000668       0x18 /home/ek-181/prosoft6/bin/stm32f0discovery/core.a(panic.o)
 .debug_ranges  0x0000000000000680       0x20 /home/ek-181/prosoft6/bin/stm32f0discovery/core.a(kernel_init.o)
 .debug_ranges  0x00000000000006a0       0x98 /home/ek-181/prosoft6/bin/stm32f0discovery/core.a(thread.o)
 .debug_ranges  0x0000000000000738       0x30 /home/ek-181/prosoft6/bin/stm32f0discovery/cortexm_common_periph.a(pm.o)
 .debug_ranges  0x0000000000000768       0x68 /home/ek-181/prosoft6/bin/stm32f0discovery/isrpipe.a(isrpipe.o)
 .debug_ranges  0x00000000000007d0       0x10 /home/ek-181/prosoft6/bin/stm32f0discovery/stm32_common.a(cpu_init.o)
 .debug_ranges  0x00000000000007e0       0x28 /home/ek-181/prosoft6/bin/stm32f0discovery/stm32_common.a(cpu_common.o)
 .debug_ranges  0x0000000000000808       0x10 /home/ek-181/prosoft6/bin/stm32f0discovery/stm32_common.a(stmclk.o)
 .debug_ranges  0x0000000000000818       0x38 /home/ek-181/prosoft6/bin/stm32f0discovery/stm32_common.a(stmclk_common.o)
 .debug_ranges  0x0000000000000850       0x78 /home/ek-181/prosoft6/bin/stm32f0discovery/stm32_common_periph.a(timer.o)
 .debug_ranges  0x00000000000008c8       0x88 /home/ek-181/prosoft6/bin/stm32f0discovery/tsrb.a(tsrb.o)
 .debug_ranges  0x0000000000000950       0x10 /home/ek-181/prosoft6/bin/stm32f0discovery/periph_common.a(init.o)
 .debug_ranges  0x0000000000000960       0x10 /home/ek-181/prosoft6/bin/stm32f0discovery/application_prosoft6.a(main.o)
 .debug_ranges  0x0000000000000970       0x10 /home/ek-181/prosoft6/bin/stm32f0discovery/auto_init.a(auto_init.o)
 .debug_ranges  0x0000000000000980       0x80 /home/ek-181/prosoft6/bin/stm32f0discovery/core.a(mutex.o)
 .debug_ranges  0x0000000000000a00       0x98 /home/ek-181/prosoft6/bin/stm32f0discovery/cortexm_common.a(cortexm_init.o)
 .debug_ranges  0x0000000000000a98      0x1b0 /home/ek-181/prosoft6/bin/stm32f0discovery/xtimer.a(xtimer.o)

.debug_macro    0x0000000000000000    0x1febc
 .debug_macro   0x0000000000000000       0xe3 /home/ek-181/prosoft6/bin/stm32f0discovery/cpu/vectors.o
 .debug_macro   0x00000000000000e3      0xa3c /home/ek-181/prosoft6/bin/stm32f0discovery/cpu/vectors.o
 .debug_macro   0x0000000000000b1f       0xe8 /home/ek-181/prosoft6/bin/stm32f0discovery/cpu/vectors.o
 .debug_macro   0x0000000000000c07       0x28 /home/ek-181/prosoft6/bin/stm32f0discovery/cpu/vectors.o
 .debug_macro   0x0000000000000c2f       0x2e /home/ek-181/prosoft6/bin/stm32f0discovery/cpu/vectors.o
 .debug_macro   0x0000000000000c5d       0x22 /home/ek-181/prosoft6/bin/stm32f0discovery/cpu/vectors.o
 .debug_macro   0x0000000000000c7f       0x22 /home/ek-181/prosoft6/bin/stm32f0discovery/cpu/vectors.o
 .debug_macro   0x0000000000000ca1       0x56 /home/ek-181/prosoft6/bin/stm32f0discovery/cpu/vectors.o
 .debug_macro   0x0000000000000cf7       0x51 /home/ek-181/prosoft6/bin/stm32f0discovery/cpu/vectors.o
 .debug_macro   0x0000000000000d48       0xef /home/ek-181/prosoft6/bin/stm32f0discovery/cpu/vectors.o
 .debug_macro   0x0000000000000e37       0x6a /home/ek-181/prosoft6/bin/stm32f0discovery/cpu/vectors.o
 .debug_macro   0x0000000000000ea1      0x1df /home/ek-181/prosoft6/bin/stm32f0discovery/cpu/vectors.o
 .debug_macro   0x0000000000001080       0x34 /home/ek-181/prosoft6/bin/stm32f0discovery/cpu/vectors.o
 .debug_macro   0x00000000000010b4       0x26 /home/ek-181/prosoft6/bin/stm32f0discovery/cpu/vectors.o
 .debug_macro   0x00000000000010da      0x30d /home/ek-181/prosoft6/bin/stm32f0discovery/cpu/vectors.o
 .debug_macro   0x00000000000013e7     0x3dc2 /home/ek-181/prosoft6/bin/stm32f0discovery/cpu/vectors.o
 .debug_macro   0x00000000000051a9       0x35 /home/ek-181/prosoft6/bin/stm32f0discovery/cpu/vectors.o
 .debug_macro   0x00000000000051de       0x28 /home/ek-181/prosoft6/bin/stm32f0discovery/cpu/vectors.o
 .debug_macro   0x0000000000005206       0x16 /home/ek-181/prosoft6/bin/stm32f0discovery/cpu/vectors.o
 .debug_macro   0x000000000000521c      0x48f /home/ek-181/prosoft6/bin/stm32f0discovery/newlib_syscalls_default/syscalls.o
 .debug_macro   0x00000000000056ab      0xa3c /home/ek-181/prosoft6/bin/stm32f0discovery/newlib_syscalls_default/syscalls.o
 .debug_macro   0x00000000000060e7       0x40 /home/ek-181/prosoft6/bin/stm32f0discovery/newlib_syscalls_default/syscalls.o
 .debug_macro   0x0000000000006127       0x18 /home/ek-181/prosoft6/bin/stm32f0discovery/newlib_syscalls_default/syscalls.o
 .debug_macro   0x000000000000613f       0x5c /home/ek-181/prosoft6/bin/stm32f0discovery/newlib_syscalls_default/syscalls.o
 .debug_macro   0x000000000000619b       0x3c /home/ek-181/prosoft6/bin/stm32f0discovery/newlib_syscalls_default/syscalls.o
 .debug_macro   0x00000000000061d7       0x34 /home/ek-181/prosoft6/bin/stm32f0discovery/newlib_syscalls_default/syscalls.o
 .debug_macro   0x000000000000620b       0x10 /home/ek-181/prosoft6/bin/stm32f0discovery/newlib_syscalls_default/syscalls.o
 .debug_macro   0x000000000000621b       0x57 /home/ek-181/prosoft6/bin/stm32f0discovery/newlib_syscalls_default/syscalls.o
 .debug_macro   0x0000000000006272       0xcf /home/ek-181/prosoft6/bin/stm32f0discovery/newlib_syscalls_default/syscalls.o
 .debug_macro   0x0000000000006341      0x353 /home/ek-181/prosoft6/bin/stm32f0discovery/newlib_syscalls_default/syscalls.o
 .debug_macro   0x0000000000006694       0x10 /home/ek-181/prosoft6/bin/stm32f0discovery/newlib_syscalls_default/syscalls.o
 .debug_macro   0x00000000000066a4       0xb7 /home/ek-181/prosoft6/bin/stm32f0discovery/newlib_syscalls_default/syscalls.o
 .debug_macro   0x000000000000675b       0x52 /home/ek-181/prosoft6/bin/stm32f0discovery/newlib_syscalls_default/syscalls.o
 .debug_macro   0x00000000000067ad       0x1f /home/ek-181/prosoft6/bin/stm32f0discovery/newlib_syscalls_default/syscalls.o
 .debug_macro   0x00000000000067cc       0x43 /home/ek-181/prosoft6/bin/stm32f0discovery/newlib_syscalls_default/syscalls.o
 .debug_macro   0x000000000000680f       0x20 /home/ek-181/prosoft6/bin/stm32f0discovery/newlib_syscalls_default/syscalls.o
 .debug_macro   0x000000000000682f       0xb6 /home/ek-181/prosoft6/bin/stm32f0discovery/newlib_syscalls_default/syscalls.o
 .debug_macro   0x00000000000068e5      0x4fe /home/ek-181/prosoft6/bin/stm32f0discovery/newlib_syscalls_default/syscalls.o
 .debug_macro   0x0000000000006de3      0x1a3 /home/ek-181/prosoft6/bin/stm32f0discovery/newlib_syscalls_default/syscalls.o
 .debug_macro   0x0000000000006f86       0x10 /home/ek-181/prosoft6/bin/stm32f0discovery/newlib_syscalls_default/syscalls.o
 .debug_macro   0x0000000000006f96       0x35 /home/ek-181/prosoft6/bin/stm32f0discovery/newlib_syscalls_default/syscalls.o
 .debug_macro   0x0000000000006fcb       0x10 /home/ek-181/prosoft6/bin/stm32f0discovery/newlib_syscalls_default/syscalls.o
 .debug_macro   0x0000000000006fdb      0x241 /home/ek-181/prosoft6/bin/stm32f0discovery/newlib_syscalls_default/syscalls.o
 .debug_macro   0x000000000000721c       0x16 /home/ek-181/prosoft6/bin/stm32f0discovery/newlib_syscalls_default/syscalls.o
 .debug_macro   0x0000000000007232       0x10 /home/ek-181/prosoft6/bin/stm32f0discovery/newlib_syscalls_default/syscalls.o
 .debug_macro   0x0000000000007242       0x16 /home/ek-181/prosoft6/bin/stm32f0discovery/newlib_syscalls_default/syscalls.o
 .debug_macro   0x0000000000007258       0xff /home/ek-181/prosoft6/bin/stm32f0discovery/newlib_syscalls_default/syscalls.o
 .debug_macro   0x0000000000007357       0x16 /home/ek-181/prosoft6/bin/stm32f0discovery/newlib_syscalls_default/syscalls.o
 .debug_macro   0x000000000000736d       0x22 /home/ek-181/prosoft6/bin/stm32f0discovery/newlib_syscalls_default/syscalls.o
 .debug_macro   0x000000000000738f       0x16 /home/ek-181/prosoft6/bin/stm32f0discovery/newlib_syscalls_default/syscalls.o
 .debug_macro   0x00000000000073a5       0x16 /home/ek-181/prosoft6/bin/stm32f0discovery/newlib_syscalls_default/syscalls.o
 .debug_macro   0x00000000000073bb       0x10 /home/ek-181/prosoft6/bin/stm32f0discovery/newlib_syscalls_default/syscalls.o
 .debug_macro   0x00000000000073cb       0x10 /home/ek-181/prosoft6/bin/stm32f0discovery/newlib_syscalls_default/syscalls.o
 .debug_macro   0x00000000000073db       0x2e /home/ek-181/prosoft6/bin/stm32f0discovery/newlib_syscalls_default/syscalls.o
 .debug_macro   0x0000000000007409       0xf5 /home/ek-181/prosoft6/bin/stm32f0discovery/newlib_syscalls_default/syscalls.o
 .debug_macro   0x00000000000074fe       0x22 /home/ek-181/prosoft6/bin/stm32f0discovery/newlib_syscalls_default/syscalls.o
 .debug_macro   0x0000000000007520       0x2f /home/ek-181/prosoft6/bin/stm32f0discovery/newlib_syscalls_default/syscalls.o
 .debug_macro   0x000000000000754f       0x3a /home/ek-181/prosoft6/bin/stm32f0discovery/newlib_syscalls_default/syscalls.o
 .debug_macro   0x0000000000007589       0xd6 /home/ek-181/prosoft6/bin/stm32f0discovery/newlib_syscalls_default/syscalls.o
 .debug_macro   0x000000000000765f       0x10 /home/ek-181/prosoft6/bin/stm32f0discovery/newlib_syscalls_default/syscalls.o
 .debug_macro   0x000000000000766f      0x460 /home/ek-181/prosoft6/bin/stm32f0discovery/newlib_syscalls_default/syscalls.o
 .debug_macro   0x0000000000007acf       0x2b /home/ek-181/prosoft6/bin/stm32f0discovery/newlib_syscalls_default/syscalls.o
 .debug_macro   0x0000000000007afa       0xee /home/ek-181/prosoft6/bin/stm32f0discovery/newlib_syscalls_default/syscalls.o
 .debug_macro   0x0000000000007be8       0x28 /home/ek-181/prosoft6/bin/stm32f0discovery/newlib_syscalls_default/syscalls.o
 .debug_macro   0x0000000000007c10       0x10 /home/ek-181/prosoft6/bin/stm32f0discovery/newlib_syscalls_default/syscalls.o
 .debug_macro   0x0000000000007c20       0x12 /home/ek-181/prosoft6/bin/stm32f0discovery/newlib_syscalls_default/syscalls.o
 .debug_macro   0x0000000000007c32       0xba /home/ek-181/prosoft6/bin/stm32f0discovery/newlib_syscalls_default/syscalls.o
 .debug_macro   0x0000000000007cec       0x16 /home/ek-181/prosoft6/bin/stm32f0discovery/newlib_syscalls_default/syscalls.o
 .debug_macro   0x0000000000007d02       0x58 /home/ek-181/prosoft6/bin/stm32f0discovery/newlib_syscalls_default/syscalls.o
 .debug_macro   0x0000000000007d5a       0x34 /home/ek-181/prosoft6/bin/stm32f0discovery/newlib_syscalls_default/syscalls.o
 .debug_macro   0x0000000000007d8e       0x86 /home/ek-181/prosoft6/bin/stm32f0discovery/newlib_syscalls_default/syscalls.o
 .debug_macro   0x0000000000007e14       0x10 /home/ek-181/prosoft6/bin/stm32f0discovery/newlib_syscalls_default/syscalls.o
 .debug_macro   0x0000000000007e24       0x10 /home/ek-181/prosoft6/bin/stm32f0discovery/newlib_syscalls_default/syscalls.o
 .debug_macro   0x0000000000007e34       0x43 /home/ek-181/prosoft6/bin/stm32f0discovery/newlib_syscalls_default/syscalls.o
 .debug_macro   0x0000000000007e77       0x1c /home/ek-181/prosoft6/bin/stm32f0discovery/newlib_syscalls_default/syscalls.o
 .debug_macro   0x0000000000007e93       0x34 /home/ek-181/prosoft6/bin/stm32f0discovery/newlib_syscalls_default/syscalls.o
 .debug_macro   0x0000000000007ec7       0x16 /home/ek-181/prosoft6/bin/stm32f0discovery/newlib_syscalls_default/syscalls.o
 .debug_macro   0x0000000000007edd       0x77 /home/ek-181/prosoft6/bin/stm32f0discovery/newlib_syscalls_default/syscalls.o
 .debug_macro   0x0000000000007f54       0x58 /home/ek-181/prosoft6/bin/stm32f0discovery/newlib_syscalls_default/syscalls.o
 .debug_macro   0x0000000000007fac       0x10 /home/ek-181/prosoft6/bin/stm32f0discovery/newlib_syscalls_default/syscalls.o
 .debug_macro   0x0000000000007fbc       0x10 /home/ek-181/prosoft6/bin/stm32f0discovery/newlib_syscalls_default/syscalls.o
 .debug_macro   0x0000000000007fcc      0x300 /home/ek-181/prosoft6/bin/stm32f0discovery/core.a(sched.o)
 .debug_macro   0x00000000000082cc      0xa3c /home/ek-181/prosoft6/bin/stm32f0discovery/core.a(sched.o)
 .debug_macro   0x0000000000008d08      0x16d /home/ek-181/prosoft6/bin/stm32f0discovery/core.a(sched.o)
 .debug_macro   0x0000000000008e75       0x46 /home/ek-181/prosoft6/bin/stm32f0discovery/core.a(sched.o)
 .debug_macro   0x0000000000008ebb       0x3a /home/ek-181/prosoft6/bin/stm32f0discovery/core.a(sched.o)
 .debug_macro   0x0000000000008ef5       0x25 /home/ek-181/prosoft6/bin/stm32f0discovery/core.a(sched.o)
 .debug_macro   0x0000000000008f1a       0x2e /home/ek-181/prosoft6/bin/stm32f0discovery/core.a(sched.o)
 .debug_macro   0x0000000000008f48       0x1c /home/ek-181/prosoft6/bin/stm32f0discovery/core.a(sched.o)
 .debug_macro   0x0000000000008f64      0x114 /home/ek-181/prosoft6/bin/stm32f0discovery/core.a(sched.o)
 .debug_macro   0x0000000000009078       0x1c /home/ek-181/prosoft6/bin/stm32f0discovery/core.a(sched.o)
 .debug_macro   0x0000000000009094      0x1cb /home/ek-181/prosoft6/bin/stm32f0discovery/core.a(bitarithm.o)
 .debug_macro   0x000000000000925f      0xa3c /home/ek-181/prosoft6/bin/stm32f0discovery/core.a(bitarithm.o)
 .debug_macro   0x0000000000009c9b       0x97 /home/ek-181/prosoft6/bin/stm32f0discovery/core.a(bitarithm.o)
 .debug_macro   0x0000000000009d32       0xf6 /home/ek-181/prosoft6/bin/stm32f0discovery/core.a(bitarithm.o)
 .debug_macro   0x0000000000009e28      0x2e8 /home/ek-181/prosoft6/bin/stm32f0discovery/cortexm_common.a(thread_arch.o)
 .debug_macro   0x000000000000a110      0xa3c /home/ek-181/prosoft6/bin/stm32f0discovery/cortexm_common.a(thread_arch.o)
 .debug_macro   0x000000000000ab4c       0x1c /home/ek-181/prosoft6/bin/stm32f0discovery/cortexm_common.a(thread_arch.o)
 .debug_macro   0x000000000000ab68      0x30f /home/ek-181/prosoft6/bin/stm32f0discovery/cortexm_common.a(vectors_cortexm.o)
 .debug_macro   0x000000000000ae77      0xa3c /home/ek-181/prosoft6/bin/stm32f0discovery/cortexm_common.a(vectors_cortexm.o)
 .debug_macro   0x000000000000b8b3       0x16 /home/ek-181/prosoft6/bin/stm32f0discovery/cortexm_common.a(vectors_cortexm.o)
 .debug_macro   0x000000000000b8c9       0x1c /home/ek-181/prosoft6/bin/stm32f0discovery/cortexm_common.a(vectors_cortexm.o)
 .debug_macro   0x000000000000b8e5      0x2d8 /home/ek-181/prosoft6/bin/stm32f0discovery/cortexm_common.a(irq_arch.o)
 .debug_macro   0x000000000000bbbd      0xa3c /home/ek-181/prosoft6/bin/stm32f0discovery/cortexm_common.a(irq_arch.o)
 .debug_macro   0x000000000000c5f9      0x3b1 /home/ek-181/prosoft6/bin/stm32f0discovery/stdio_uart.a(stdio_uart.o)
 .debug_macro   0x000000000000c9aa      0xa3c /home/ek-181/prosoft6/bin/stm32f0discovery/stdio_uart.a(stdio_uart.o)
 .debug_macro   0x000000000000d3e6       0x52 /home/ek-181/prosoft6/bin/stm32f0discovery/stdio_uart.a(stdio_uart.o)
 .debug_macro   0x000000000000d438       0x16 /home/ek-181/prosoft6/bin/stm32f0discovery/stdio_uart.a(stdio_uart.o)
 .debug_macro   0x000000000000d44e       0x16 /home/ek-181/prosoft6/bin/stm32f0discovery/stdio_uart.a(stdio_uart.o)
 .debug_macro   0x000000000000d464       0x10 /home/ek-181/prosoft6/bin/stm32f0discovery/stdio_uart.a(stdio_uart.o)
 .debug_macro   0x000000000000d474      0x335 /home/ek-181/prosoft6/bin/stm32f0discovery/stm32_common_periph.a(uart.o)
 .debug_macro   0x000000000000d7a9      0xa3c /home/ek-181/prosoft6/bin/stm32f0discovery/stm32_common_periph.a(uart.o)
 .debug_macro   0x000000000000e1e5       0x10 /home/ek-181/prosoft6/bin/stm32f0discovery/stm32_common_periph.a(uart.o)
 .debug_macro   0x000000000000e1f5      0x301 /home/ek-181/prosoft6/bin/stm32f0discovery/stm32_common_periph.a(gpio.o)
 .debug_macro   0x000000000000e4f6      0xa3c /home/ek-181/prosoft6/bin/stm32f0discovery/stm32_common_periph.a(gpio.o)
 .debug_macro   0x000000000000ef32      0x3ac /home/ek-181/prosoft6/bin/stm32f0discovery/xtimer.a(xtimer_core.o)
 .debug_macro   0x000000000000f2de      0xa3c /home/ek-181/prosoft6/bin/stm32f0discovery/xtimer.a(xtimer_core.o)
 .debug_macro   0x000000000000fd1a       0x10 /home/ek-181/prosoft6/bin/stm32f0discovery/xtimer.a(xtimer_core.o)
 .debug_macro   0x000000000000fd2a       0x16 /home/ek-181/prosoft6/bin/stm32f0discovery/xtimer.a(xtimer_core.o)
 .debug_macro   0x000000000000fd40      0x317 /home/ek-181/prosoft6/bin/stm32f0discovery/periph_common.a(pm.o)
 .debug_macro   0x0000000000010057      0xa3c /home/ek-181/prosoft6/bin/stm32f0discovery/periph_common.a(pm.o)
 .debug_macro   0x0000000000010a93       0x80 /home/ek-181/prosoft6/bin/stm32f0discovery/periph_common.a(pm.o)
 .debug_macro   0x0000000000010b13      0x310 /home/ek-181/prosoft6/bin/stm32f0discovery/board.a(board.o)
 .debug_macro   0x0000000000010e23      0xa3c /home/ek-181/prosoft6/bin/stm32f0discovery/board.a(board.o)
 .debug_macro   0x000000000001185f      0x320 /home/ek-181/prosoft6/bin/stm32f0discovery/core.a(panic.o)
 .debug_macro   0x0000000000011b7f      0xa3c /home/ek-181/prosoft6/bin/stm32f0discovery/core.a(panic.o)
 .debug_macro   0x00000000000125bb      0x363 /home/ek-181/prosoft6/bin/stm32f0discovery/core.a(kernel_init.o)
 .debug_macro   0x000000000001291e      0xa3c /home/ek-181/prosoft6/bin/stm32f0discovery/core.a(kernel_init.o)
 .debug_macro   0x000000000001335a      0x23b /home/ek-181/prosoft6/bin/stm32f0discovery/core.a(kernel_init.o)
 .debug_macro   0x0000000000013595       0xdc /home/ek-181/prosoft6/bin/stm32f0discovery/core.a(kernel_init.o)
 .debug_macro   0x0000000000013671      0x302 /home/ek-181/prosoft6/bin/stm32f0discovery/core.a(thread.o)
 .debug_macro   0x0000000000013973      0xa3c /home/ek-181/prosoft6/bin/stm32f0discovery/core.a(thread.o)
 .debug_macro   0x00000000000143af      0x2f8 /home/ek-181/prosoft6/bin/stm32f0discovery/cortexm_common_periph.a(pm.o)
 .debug_macro   0x00000000000146a7      0xa3c /home/ek-181/prosoft6/bin/stm32f0discovery/cortexm_common_periph.a(pm.o)
 .debug_macro   0x00000000000150e3      0x3d0 /home/ek-181/prosoft6/bin/stm32f0discovery/isrpipe.a(isrpipe.o)
 .debug_macro   0x00000000000154b3      0xa3c /home/ek-181/prosoft6/bin/stm32f0discovery/isrpipe.a(isrpipe.o)
 .debug_macro   0x0000000000015eef       0x2e /home/ek-181/prosoft6/bin/stm32f0discovery/isrpipe.a(isrpipe.o)
 .debug_macro   0x0000000000015f1d       0x71 /home/ek-181/prosoft6/bin/stm32f0discovery/isrpipe.a(isrpipe.o)
 .debug_macro   0x0000000000015f8e      0x304 /home/ek-181/prosoft6/bin/stm32f0discovery/stm32_common.a(cpu_init.o)
 .debug_macro   0x0000000000016292      0xa3c /home/ek-181/prosoft6/bin/stm32f0discovery/stm32_common.a(cpu_init.o)
 .debug_macro   0x0000000000016cce      0x318 /home/ek-181/prosoft6/bin/stm32f0discovery/stm32_common.a(cpu_common.o)
 .debug_macro   0x0000000000016fe6      0xa3c /home/ek-181/prosoft6/bin/stm32f0discovery/stm32_common.a(cpu_common.o)
 .debug_macro   0x0000000000017a22      0x32a /home/ek-181/prosoft6/bin/stm32f0discovery/stm32_common.a(stmclk.o)
 .debug_macro   0x0000000000017d4c      0xa3c /home/ek-181/prosoft6/bin/stm32f0discovery/stm32_common.a(stmclk.o)
 .debug_macro   0x0000000000018788      0x321 /home/ek-181/prosoft6/bin/stm32f0discovery/stm32_common.a(stmclk_common.o)
 .debug_macro   0x0000000000018aa9      0xa3c /home/ek-181/prosoft6/bin/stm32f0discovery/stm32_common.a(stmclk_common.o)
 .debug_macro   0x00000000000194e5      0x310 /home/ek-181/prosoft6/bin/stm32f0discovery/stm32_common_periph.a(timer.o)
 .debug_macro   0x00000000000197f5      0xa3c /home/ek-181/prosoft6/bin/stm32f0discovery/stm32_common_periph.a(timer.o)
 .debug_macro   0x000000000001a231       0x5f /home/ek-181/prosoft6/bin/stm32f0discovery/tsrb.a(tsrb.o)
 .debug_macro   0x000000000001a290      0xa3c /home/ek-181/prosoft6/bin/stm32f0discovery/tsrb.a(tsrb.o)
 .debug_macro   0x000000000001accc       0x1a /home/ek-181/prosoft6/bin/stm32f0discovery/periph_common.a(init.o)
 .debug_macro   0x000000000001ace6      0xa3c /home/ek-181/prosoft6/bin/stm32f0discovery/periph_common.a(init.o)
 .debug_macro   0x000000000001b722      0x3b2 /home/ek-181/prosoft6/bin/stm32f0discovery/application_prosoft6.a(main.o)
 .debug_macro   0x000000000001bad4      0xa3c /home/ek-181/prosoft6/bin/stm32f0discovery/application_prosoft6.a(main.o)
 .debug_macro   0x000000000001c510       0x82 /home/ek-181/prosoft6/bin/stm32f0discovery/application_prosoft6.a(main.o)
 .debug_macro   0x000000000001c592       0xfd /home/ek-181/prosoft6/bin/stm32f0discovery/application_prosoft6.a(main.o)
 .debug_macro   0x000000000001c68f      0x3bc /home/ek-181/prosoft6/bin/stm32f0discovery/auto_init.a(auto_init.o)
 .debug_macro   0x000000000001ca4b      0xa3c /home/ek-181/prosoft6/bin/stm32f0discovery/auto_init.a(auto_init.o)
 .debug_macro   0x000000000001d487      0x2f9 /home/ek-181/prosoft6/bin/stm32f0discovery/core.a(mutex.o)
 .debug_macro   0x000000000001d780      0xa3c /home/ek-181/prosoft6/bin/stm32f0discovery/core.a(mutex.o)
 .debug_macro   0x000000000001e1bc      0x1e5 /home/ek-181/prosoft6/bin/stm32f0discovery/core.a(mutex.o)
 .debug_macro   0x000000000001e3a1      0x2d8 /home/ek-181/prosoft6/bin/stm32f0discovery/cortexm_common.a(cortexm_init.o)
 .debug_macro   0x000000000001e679      0xa3c /home/ek-181/prosoft6/bin/stm32f0discovery/cortexm_common.a(cortexm_init.o)
 .debug_macro   0x000000000001f0b5      0x3cb /home/ek-181/prosoft6/bin/stm32f0discovery/xtimer.a(xtimer.o)
 .debug_macro   0x000000000001f480      0xa3c /home/ek-181/prosoft6/bin/stm32f0discovery/xtimer.a(xtimer.o)

.debug_line     0x0000000000000000     0xafd0
 .debug_line    0x0000000000000000      0x2d8 /home/ek-181/prosoft6/bin/stm32f0discovery/cpu/vectors.o
 .debug_line    0x00000000000002d8      0x913 /home/ek-181/prosoft6/bin/stm32f0discovery/newlib_syscalls_default/syscalls.o
 .debug_line    0x0000000000000beb      0x5a1 /home/ek-181/prosoft6/bin/stm32f0discovery/core.a(sched.o)
 .debug_line    0x000000000000118c      0x401 /home/ek-181/prosoft6/bin/stm32f0discovery/core.a(bitarithm.o)
 .debug_line    0x000000000000158d      0x5ee /home/ek-181/prosoft6/bin/stm32f0discovery/cortexm_common.a(thread_arch.o)
 .debug_line    0x0000000000001b7b      0x62c /home/ek-181/prosoft6/bin/stm32f0discovery/cortexm_common.a(vectors_cortexm.o)
 .debug_line    0x00000000000021a7      0x54e /home/ek-181/prosoft6/bin/stm32f0discovery/cortexm_common.a(irq_arch.o)
 .debug_line    0x00000000000026f5      0x679 /home/ek-181/prosoft6/bin/stm32f0discovery/stdio_uart.a(stdio_uart.o)
 .debug_line    0x0000000000002d6e      0x6fb /home/ek-181/prosoft6/bin/stm32f0discovery/stm32_common_periph.a(uart.o)
 .debug_line    0x0000000000003469      0x717 /home/ek-181/prosoft6/bin/stm32f0discovery/stm32_common_periph.a(gpio.o)
 .debug_line    0x0000000000003b80      0x917 /home/ek-181/prosoft6/bin/stm32f0discovery/xtimer.a(xtimer_core.o)
 .debug_line    0x0000000000004497      0x578 /home/ek-181/prosoft6/bin/stm32f0discovery/periph_common.a(pm.o)
 .debug_line    0x0000000000004a0f      0x5c6 /home/ek-181/prosoft6/bin/stm32f0discovery/board.a(board.o)
 .debug_line    0x0000000000004fd5      0x5af /home/ek-181/prosoft6/bin/stm32f0discovery/core.a(panic.o)
 .debug_line    0x0000000000005584      0x5f9 /home/ek-181/prosoft6/bin/stm32f0discovery/core.a(kernel_init.o)
 .debug_line    0x0000000000005b7d      0x64c /home/ek-181/prosoft6/bin/stm32f0discovery/core.a(thread.o)
 .debug_line    0x00000000000061c9      0x5bc /home/ek-181/prosoft6/bin/stm32f0discovery/cortexm_common_periph.a(pm.o)
 .debug_line    0x0000000000006785      0x751 /home/ek-181/prosoft6/bin/stm32f0discovery/isrpipe.a(isrpipe.o)
 .debug_line    0x0000000000006ed6      0x585 /home/ek-181/prosoft6/bin/stm32f0discovery/stm32_common.a(cpu_init.o)
 .debug_line    0x000000000000745b      0x5e7 /home/ek-181/prosoft6/bin/stm32f0discovery/stm32_common.a(cpu_common.o)
 .debug_line    0x0000000000007a42      0x5be /home/ek-181/prosoft6/bin/stm32f0discovery/stm32_common.a(stmclk.o)
 .debug_line    0x0000000000008000      0x602 /home/ek-181/prosoft6/bin/stm32f0discovery/stm32_common.a(stmclk_common.o)
 .debug_line    0x0000000000008602      0x6b0 /home/ek-181/prosoft6/bin/stm32f0discovery/stm32_common_periph.a(timer.o)
 .debug_line    0x0000000000008cb2      0x1fc /home/ek-181/prosoft6/bin/stm32f0discovery/tsrb.a(tsrb.o)
 .debug_line    0x0000000000008eae       0xa5 /home/ek-181/prosoft6/bin/stm32f0discovery/periph_common.a(init.o)
 .debug_line    0x0000000000008f53      0x683 /home/ek-181/prosoft6/bin/stm32f0discovery/application_prosoft6.a(main.o)
 .debug_line    0x00000000000095d6      0x682 /home/ek-181/prosoft6/bin/stm32f0discovery/auto_init.a(auto_init.o)
 .debug_line    0x0000000000009c58      0x570 /home/ek-181/prosoft6/bin/stm32f0discovery/core.a(mutex.o)
 .debug_line    0x000000000000a1c8      0x52e /home/ek-181/prosoft6/bin/stm32f0discovery/cortexm_common.a(cortexm_init.o)
 .debug_line    0x000000000000a6f6      0x8da /home/ek-181/prosoft6/bin/stm32f0discovery/xtimer.a(xtimer.o)

.debug_str      0x0000000000000000    0x26ba9
 .debug_str     0x0000000000000000    0x1c1fc /home/ek-181/prosoft6/bin/stm32f0discovery/cpu/vectors.o
                                      0x1c36a (size before relaxing)
 .debug_str     0x000000000001c1fc     0x81aa /home/ek-181/prosoft6/bin/stm32f0discovery/newlib_syscalls_default/syscalls.o
                                      0x246b1 (size before relaxing)
 .debug_str     0x00000000000243a6      0x348 /home/ek-181/prosoft6/bin/stm32f0discovery/core.a(sched.o)
                                      0x21fa3 (size before relaxing)
 .debug_str     0x00000000000246ee       0x8f /home/ek-181/prosoft6/bin/stm32f0discovery/core.a(bitarithm.o)
                                      0x1fefe (size before relaxing)
 .debug_str     0x000000000002477d      0x20e /home/ek-181/prosoft6/bin/stm32f0discovery/cortexm_common.a(thread_arch.o)
                                      0x21dc9 (size before relaxing)
 .debug_str     0x000000000002498b      0x37f /home/ek-181/prosoft6/bin/stm32f0discovery/cortexm_common.a(vectors_cortexm.o)
                                      0x2216e (size before relaxing)
 .debug_str     0x0000000000024d0a       0xcb /home/ek-181/prosoft6/bin/stm32f0discovery/cortexm_common.a(irq_arch.o)
                                      0x21c87 (size before relaxing)
 .debug_str     0x0000000000024dd5      0x23f /home/ek-181/prosoft6/bin/stm32f0discovery/stdio_uart.a(stdio_uart.o)
                                      0x2379a (size before relaxing)
 .debug_str     0x0000000000025014      0x466 /home/ek-181/prosoft6/bin/stm32f0discovery/stm32_common_periph.a(uart.o)
                                      0x227f7 (size before relaxing)
 .debug_str     0x000000000002547a      0x151 /home/ek-181/prosoft6/bin/stm32f0discovery/stm32_common_periph.a(gpio.o)
                                      0x22401 (size before relaxing)
 .debug_str     0x00000000000255cb      0x327 /home/ek-181/prosoft6/bin/stm32f0discovery/xtimer.a(xtimer_core.o)
                                      0x22be8 (size before relaxing)
 .debug_str     0x00000000000258f2       0x9d /home/ek-181/prosoft6/bin/stm32f0discovery/periph_common.a(pm.o)
                                      0x21fa2 (size before relaxing)
 .debug_str     0x000000000002598f       0xb5 /home/ek-181/prosoft6/bin/stm32f0discovery/board.a(board.o)
                                      0x224bd (size before relaxing)
 .debug_str     0x0000000000025a44       0xa9 /home/ek-181/prosoft6/bin/stm32f0discovery/core.a(panic.o)
                                      0x220bb (size before relaxing)
 .debug_str     0x0000000000025aed       0xe2 /home/ek-181/prosoft6/bin/stm32f0discovery/core.a(kernel_init.o)
                                      0x22640 (size before relaxing)
 .debug_str     0x0000000000025bcf      0x170 /home/ek-181/prosoft6/bin/stm32f0discovery/core.a(thread.o)
                                      0x223c7 (size before relaxing)
 .debug_str     0x0000000000025d3f       0xd1 /home/ek-181/prosoft6/bin/stm32f0discovery/cortexm_common_periph.a(pm.o)
                                      0x21ee9 (size before relaxing)
 .debug_str     0x0000000000025e10      0x168 /home/ek-181/prosoft6/bin/stm32f0discovery/isrpipe.a(isrpipe.o)
                                      0x22ed0 (size before relaxing)
 .debug_str     0x0000000000025f78      0x105 /home/ek-181/prosoft6/bin/stm32f0discovery/stm32_common.a(cpu_init.o)
                                      0x21eb9 (size before relaxing)
 .debug_str     0x000000000002607d       0xea /home/ek-181/prosoft6/bin/stm32f0discovery/stm32_common.a(cpu_common.o)
                                      0x22498 (size before relaxing)
 .debug_str     0x0000000000026167      0x1ce /home/ek-181/prosoft6/bin/stm32f0discovery/stm32_common.a(stmclk.o)
                                      0x22471 (size before relaxing)
 .debug_str     0x0000000000026335      0x148 /home/ek-181/prosoft6/bin/stm32f0discovery/stm32_common.a(stmclk_common.o)
                                      0x223e0 (size before relaxing)
 .debug_str     0x000000000002647d       0xd3 /home/ek-181/prosoft6/bin/stm32f0discovery/stm32_common_periph.a(timer.o)
                                      0x225fa (size before relaxing)
 .debug_str     0x0000000000026550       0xbc /home/ek-181/prosoft6/bin/stm32f0discovery/tsrb.a(tsrb.o)
                                       0x3619 (size before relaxing)
 .debug_str     0x000000000002660c       0x7b /home/ek-181/prosoft6/bin/stm32f0discovery/periph_common.a(init.o)
                                       0x2ff3 (size before relaxing)
 .debug_str     0x0000000000026687       0xcd /home/ek-181/prosoft6/bin/stm32f0discovery/application_prosoft6.a(main.o)
                                      0x22887 (size before relaxing)
 .debug_str     0x0000000000026754       0x9a /home/ek-181/prosoft6/bin/stm32f0discovery/auto_init.a(auto_init.o)
                                      0x228ca (size before relaxing)
 .debug_str     0x00000000000267ee       0xa7 /home/ek-181/prosoft6/bin/stm32f0discovery/core.a(mutex.o)
                                      0x21e0c (size before relaxing)
 .debug_str     0x0000000000026895      0x10e /home/ek-181/prosoft6/bin/stm32f0discovery/cortexm_common.a(cortexm_init.o)
                                      0x21eed (size before relaxing)
 .debug_str     0x00000000000269a3      0x206 /home/ek-181/prosoft6/bin/stm32f0discovery/xtimer.a(xtimer.o)
                                      0x22d2e (size before relaxing)

.comment        0x0000000000000000       0x7f
 .comment       0x0000000000000000       0x7f /home/ek-181/prosoft6/bin/stm32f0discovery/cpu/vectors.o
                                         0x80 (size before relaxing)
 .comment       0x000000000000007f       0x80 /home/ek-181/prosoft6/bin/stm32f0discovery/newlib_syscalls_default/syscalls.o
 .comment       0x000000000000007f       0x80 /home/ek-181/prosoft6/bin/stm32f0discovery/core.a(sched.o)
 .comment       0x000000000000007f       0x80 /home/ek-181/prosoft6/bin/stm32f0discovery/core.a(bitarithm.o)
 .comment       0x000000000000007f       0x80 /home/ek-181/prosoft6/bin/stm32f0discovery/cortexm_common.a(thread_arch.o)
 .comment       0x000000000000007f       0x80 /home/ek-181/prosoft6/bin/stm32f0discovery/cortexm_common.a(vectors_cortexm.o)
 .comment       0x000000000000007f       0x80 /home/ek-181/prosoft6/bin/stm32f0discovery/cortexm_common.a(irq_arch.o)
 .comment       0x000000000000007f       0x80 /home/ek-181/prosoft6/bin/stm32f0discovery/stdio_uart.a(stdio_uart.o)
 .comment       0x000000000000007f       0x80 /home/ek-181/prosoft6/bin/stm32f0discovery/stm32_common_periph.a(uart.o)
 .comment       0x000000000000007f       0x80 /home/ek-181/prosoft6/bin/stm32f0discovery/stm32_common_periph.a(gpio.o)
 .comment       0x000000000000007f       0x80 /home/ek-181/prosoft6/bin/stm32f0discovery/xtimer.a(xtimer_core.o)
 .comment       0x000000000000007f       0x80 /home/ek-181/prosoft6/bin/stm32f0discovery/periph_common.a(pm.o)
 .comment       0x000000000000007f       0x80 /home/ek-181/prosoft6/bin/stm32f0discovery/board.a(board.o)
 .comment       0x000000000000007f       0x80 /home/ek-181/prosoft6/bin/stm32f0discovery/core.a(panic.o)
 .comment       0x000000000000007f       0x80 /home/ek-181/prosoft6/bin/stm32f0discovery/core.a(kernel_init.o)
 .comment       0x000000000000007f       0x80 /home/ek-181/prosoft6/bin/stm32f0discovery/core.a(thread.o)
 .comment       0x000000000000007f       0x80 /home/ek-181/prosoft6/bin/stm32f0discovery/cortexm_common_periph.a(pm.o)
 .comment       0x000000000000007f       0x80 /home/ek-181/prosoft6/bin/stm32f0discovery/isrpipe.a(isrpipe.o)
 .comment       0x000000000000007f       0x80 /home/ek-181/prosoft6/bin/stm32f0discovery/stm32_common.a(cpu_init.o)
 .comment       0x000000000000007f       0x80 /home/ek-181/prosoft6/bin/stm32f0discovery/stm32_common.a(cpu_common.o)
 .comment       0x000000000000007f       0x80 /home/ek-181/prosoft6/bin/stm32f0discovery/stm32_common.a(stmclk.o)
 .comment       0x000000000000007f       0x80 /home/ek-181/prosoft6/bin/stm32f0discovery/stm32_common.a(stmclk_common.o)
 .comment       0x000000000000007f       0x80 /home/ek-181/prosoft6/bin/stm32f0discovery/stm32_common_periph.a(timer.o)
 .comment       0x000000000000007f       0x80 /home/ek-181/prosoft6/bin/stm32f0discovery/tsrb.a(tsrb.o)
 .comment       0x000000000000007f       0x80 /home/ek-181/prosoft6/bin/stm32f0discovery/periph_common.a(init.o)
 .comment       0x000000000000007f       0x80 /home/ek-181/prosoft6/bin/stm32f0discovery/application_prosoft6.a(main.o)
 .comment       0x000000000000007f       0x80 /home/ek-181/prosoft6/bin/stm32f0discovery/auto_init.a(auto_init.o)
 .comment       0x000000000000007f       0x80 /home/ek-181/prosoft6/bin/stm32f0discovery/core.a(mutex.o)
 .comment       0x000000000000007f       0x80 /home/ek-181/prosoft6/bin/stm32f0discovery/cortexm_common.a(cortexm_init.o)
 .comment       0x000000000000007f       0x80 /home/ek-181/prosoft6/bin/stm32f0discovery/xtimer.a(xtimer.o)

.ARM.attributes
                0x0000000000000000       0x31
 .ARM.attributes
                0x0000000000000000       0x31 /home/ek-181/prosoft6/bin/stm32f0discovery/cpu/vectors.o
 .ARM.attributes
                0x0000000000000031       0x31 /home/ek-181/prosoft6/bin/stm32f0discovery/newlib_syscalls_default/syscalls.o
 .ARM.attributes
                0x0000000000000062       0x31 /home/ek-181/prosoft6/bin/stm32f0discovery/core.a(sched.o)
 .ARM.attributes
                0x0000000000000093       0x31 /home/ek-181/prosoft6/bin/stm32f0discovery/core.a(bitarithm.o)
 .ARM.attributes
                0x00000000000000c4       0x31 /home/ek-181/prosoft6/bin/stm32f0discovery/cortexm_common.a(thread_arch.o)
 .ARM.attributes
                0x00000000000000f5       0x31 /home/ek-181/prosoft6/bin/stm32f0discovery/cortexm_common.a(vectors_cortexm.o)
 .ARM.attributes
                0x0000000000000126       0x31 /home/ek-181/prosoft6/bin/stm32f0discovery/cortexm_common.a(irq_arch.o)
 .ARM.attributes
                0x0000000000000157       0x31 /home/ek-181/prosoft6/bin/stm32f0discovery/stdio_uart.a(stdio_uart.o)
 .ARM.attributes
                0x0000000000000188       0x31 /home/ek-181/prosoft6/bin/stm32f0discovery/stm32_common_periph.a(uart.o)
 .ARM.attributes
                0x00000000000001b9       0x31 /home/ek-181/prosoft6/bin/stm32f0discovery/stm32_common_periph.a(gpio.o)
 .ARM.attributes
                0x00000000000001ea       0x31 /home/ek-181/prosoft6/bin/stm32f0discovery/xtimer.a(xtimer_core.o)
 .ARM.attributes
                0x000000000000021b       0x31 /home/ek-181/prosoft6/bin/stm32f0discovery/periph_common.a(pm.o)
 .ARM.attributes
                0x000000000000024c       0x31 /home/ek-181/prosoft6/bin/stm32f0discovery/board.a(board.o)
 .ARM.attributes
                0x000000000000027d       0x31 /home/ek-181/prosoft6/bin/stm32f0discovery/core.a(panic.o)
 .ARM.attributes
                0x00000000000002ae       0x31 /home/ek-181/prosoft6/bin/stm32f0discovery/core.a(kernel_init.o)
 .ARM.attributes
                0x00000000000002df       0x31 /home/ek-181/prosoft6/bin/stm32f0discovery/core.a(thread.o)
 .ARM.attributes
                0x0000000000000310       0x31 /home/ek-181/prosoft6/bin/stm32f0discovery/cortexm_common_periph.a(pm.o)
 .ARM.attributes
                0x0000000000000341       0x31 /home/ek-181/prosoft6/bin/stm32f0discovery/isrpipe.a(isrpipe.o)
 .ARM.attributes
                0x0000000000000372       0x31 /home/ek-181/prosoft6/bin/stm32f0discovery/stm32_common.a(cpu_init.o)
 .ARM.attributes
                0x00000000000003a3       0x31 /home/ek-181/prosoft6/bin/stm32f0discovery/stm32_common.a(cpu_common.o)
 .ARM.attributes
                0x00000000000003d4       0x31 /home/ek-181/prosoft6/bin/stm32f0discovery/stm32_common.a(stmclk.o)
 .ARM.attributes
                0x0000000000000405       0x31 /home/ek-181/prosoft6/bin/stm32f0discovery/stm32_common.a(stmclk_common.o)
 .ARM.attributes
                0x0000000000000436       0x31 /home/ek-181/prosoft6/bin/stm32f0discovery/stm32_common_periph.a(timer.o)
 .ARM.attributes
                0x0000000000000467       0x31 /home/ek-181/prosoft6/bin/stm32f0discovery/tsrb.a(tsrb.o)
 .ARM.attributes
                0x0000000000000498       0x31 /home/ek-181/prosoft6/bin/stm32f0discovery/periph_common.a(init.o)
 .ARM.attributes
                0x00000000000004c9       0x31 /home/ek-181/prosoft6/bin/stm32f0discovery/application_prosoft6.a(main.o)
 .ARM.attributes
                0x00000000000004fa       0x31 /home/ek-181/prosoft6/bin/stm32f0discovery/auto_init.a(auto_init.o)
 .ARM.attributes
                0x000000000000052b       0x31 /home/ek-181/prosoft6/bin/stm32f0discovery/core.a(mutex.o)
 .ARM.attributes
                0x000000000000055c       0x31 /home/ek-181/prosoft6/bin/stm32f0discovery/cortexm_common.a(cortexm_init.o)
 .ARM.attributes
                0x000000000000058d       0x31 /home/ek-181/prosoft6/bin/stm32f0discovery/xtimer.a(xtimer.o)
 .ARM.attributes
                0x00000000000005be       0x1e /usr/bin/../lib/gcc/arm-none-eabi/7.3.1/thumb/v6-m/libgcc.a(_udivsi3.o)
 .ARM.attributes
                0x00000000000005dc       0x1e /usr/bin/../lib/gcc/arm-none-eabi/7.3.1/thumb/v6-m/libgcc.a(_dvmd_tls.o)
 .ARM.attributes
                0x00000000000005fa       0x2c /usr/bin/../lib/gcc/arm-none-eabi/7.3.1/../../../../arm-none-eabi/lib/thumb/v6-m/libc_nano.a(lib_a-impure.o)
 .ARM.attributes
                0x0000000000000626       0x2c /usr/bin/../lib/gcc/arm-none-eabi/7.3.1/../../../../arm-none-eabi/lib/thumb/v6-m/libc_nano.a(lib_a-init.o)
 .ARM.attributes
                0x0000000000000652       0x2c /usr/bin/../lib/gcc/arm-none-eabi/7.3.1/../../../../arm-none-eabi/lib/thumb/v6-m/libc_nano.a(lib_a-memset.o)
 .ARM.attributes
                0x000000000000067e       0x2c /usr/bin/../lib/gcc/arm-none-eabi/7.3.1/../../../../arm-none-eabi/lib/thumb/v6-m/libc_nano.a(lib_a-printf.o)
 .ARM.attributes
                0x00000000000006aa       0x2c /usr/bin/../lib/gcc/arm-none-eabi/7.3.1/../../../../arm-none-eabi/lib/thumb/v6-m/libc_nano.a(lib_a-puts.o)
 .ARM.attributes
                0x00000000000006d6       0x2c /usr/bin/../lib/gcc/arm-none-eabi/7.3.1/../../../../arm-none-eabi/lib/thumb/v6-m/libc_nano.a(lib_a-wbuf.o)